Archive member included to satisfy reference by file (symbol)

/usr/lib/gcc/arm-none-eabi/6.3.1/../../../arm-none-eabi/lib/thumb/v7-ar/libg_nano.a(lib_a-vsnprintf.o)
                              ./lib/x6818/uart.o (vsnprintf)
/usr/lib/gcc/arm-none-eabi/6.3.1/../../../arm-none-eabi/lib/thumb/v7-ar/libg_nano.a(lib_a-impure.o)
                              /usr/lib/gcc/arm-none-eabi/6.3.1/../../../arm-none-eabi/lib/thumb/v7-ar/libg_nano.a(lib_a-vsnprintf.o) (_impure_ptr)
/usr/lib/gcc/arm-none-eabi/6.3.1/../../../arm-none-eabi/lib/thumb/v7-ar/libg_nano.a(lib_a-nano-svfprintf.o)
                              /usr/lib/gcc/arm-none-eabi/6.3.1/../../../arm-none-eabi/lib/thumb/v7-ar/libg_nano.a(lib_a-vsnprintf.o) (_svfprintf_r)
/usr/lib/gcc/arm-none-eabi/6.3.1/../../../arm-none-eabi/lib/thumb/v7-ar/libg_nano.a(lib_a-nano-vfprintf_i.o)
                              /usr/lib/gcc/arm-none-eabi/6.3.1/../../../arm-none-eabi/lib/thumb/v7-ar/libg_nano.a(lib_a-nano-svfprintf.o) (_printf_i)
/usr/lib/gcc/arm-none-eabi/6.3.1/../../../arm-none-eabi/lib/thumb/v7-ar/libg_nano.a(lib_a-memchr-stub.o)
                              /usr/lib/gcc/arm-none-eabi/6.3.1/../../../arm-none-eabi/lib/thumb/v7-ar/libg_nano.a(lib_a-nano-svfprintf.o) (memchr)
/usr/lib/gcc/arm-none-eabi/6.3.1/../../../arm-none-eabi/lib/thumb/v7-ar/libg_nano.a(lib_a-memcpy.o)
                              /usr/lib/gcc/arm-none-eabi/6.3.1/../../../arm-none-eabi/lib/thumb/v7-ar/libg_nano.a(lib_a-nano-svfprintf.o) (memcpy)
/usr/lib/gcc/arm-none-eabi/6.3.1/../../../arm-none-eabi/lib/thumb/v7-ar/libg_nano.a(lib_a-memmove.o)
                              /usr/lib/gcc/arm-none-eabi/6.3.1/../../../arm-none-eabi/lib/thumb/v7-ar/libg_nano.a(lib_a-nano-svfprintf.o) (memmove)
/usr/lib/gcc/arm-none-eabi/6.3.1/../../../arm-none-eabi/lib/thumb/v7-ar/libg_nano.a(lib_a-nano-freer.o)
                              /usr/lib/gcc/arm-none-eabi/6.3.1/../../../arm-none-eabi/lib/thumb/v7-ar/libg_nano.a(lib_a-nano-svfprintf.o) (_free_r)
/usr/lib/gcc/arm-none-eabi/6.3.1/../../../arm-none-eabi/lib/thumb/v7-ar/libg_nano.a(lib_a-nano-mallocr.o)
                              /usr/lib/gcc/arm-none-eabi/6.3.1/../../../arm-none-eabi/lib/thumb/v7-ar/libg_nano.a(lib_a-nano-svfprintf.o) (_malloc_r)
/usr/lib/gcc/arm-none-eabi/6.3.1/../../../arm-none-eabi/lib/thumb/v7-ar/libg_nano.a(lib_a-nano-reallocr.o)
                              /usr/lib/gcc/arm-none-eabi/6.3.1/../../../arm-none-eabi/lib/thumb/v7-ar/libg_nano.a(lib_a-nano-svfprintf.o) (_realloc_r)
/usr/lib/gcc/arm-none-eabi/6.3.1/../../../arm-none-eabi/lib/thumb/v7-ar/libg_nano.a(lib_a-sbrkr.o)
                              /usr/lib/gcc/arm-none-eabi/6.3.1/../../../arm-none-eabi/lib/thumb/v7-ar/libg_nano.a(lib_a-nano-mallocr.o) (_sbrk_r)
/usr/lib/gcc/arm-none-eabi/6.3.1/../../../arm-none-eabi/lib/thumb/v7-ar/libg_nano.a(lib_a-nano-msizer.o)
                              /usr/lib/gcc/arm-none-eabi/6.3.1/../../../arm-none-eabi/lib/thumb/v7-ar/libg_nano.a(lib_a-nano-reallocr.o) (_malloc_usable_size_r)
/usr/lib/gcc/arm-none-eabi/6.3.1/../../../arm-none-eabi/lib/thumb/v7-ar/libg_nano.a(lib_a-reent.o)
                              /usr/lib/gcc/arm-none-eabi/6.3.1/../../../arm-none-eabi/lib/thumb/v7-ar/libg_nano.a(lib_a-sbrkr.o) (errno)
/usr/lib/gcc/arm-none-eabi/6.3.1/thumb/v7-ar/libgcc.a(_udivsi3.o)
                              /usr/lib/gcc/arm-none-eabi/6.3.1/../../../arm-none-eabi/lib/thumb/v7-ar/libg_nano.a(lib_a-nano-vfprintf_i.o) (__aeabi_uidiv)
/usr/lib/gcc/arm-none-eabi/6.3.1/thumb/v7-ar/libgcc.a(_dvmd_tls.o)
                              /usr/lib/gcc/arm-none-eabi/6.3.1/thumb/v7-ar/libgcc.a(_udivsi3.o) (__aeabi_idiv0)
/usr/lib/gcc/arm-none-eabi/6.3.1/../../../arm-none-eabi/lib/thumb/v7-ar/librdimon_nano.a(rdimon-syscalls.o)
                              /usr/lib/gcc/arm-none-eabi/6.3.1/../../../arm-none-eabi/lib/thumb/v7-ar/libg_nano.a(lib_a-sbrkr.o) (_sbrk)
/usr/lib/gcc/arm-none-eabi/6.3.1/../../../arm-none-eabi/lib/thumb/v7-ar/libc_nano.a(lib_a-errno.o)
                              /usr/lib/gcc/arm-none-eabi/6.3.1/../../../arm-none-eabi/lib/thumb/v7-ar/librdimon_nano.a(rdimon-syscalls.o) (__errno)
/usr/lib/gcc/arm-none-eabi/6.3.1/../../../arm-none-eabi/lib/thumb/v7-ar/libc_nano.a(lib_a-findfp.o)
                              /usr/lib/gcc/arm-none-eabi/6.3.1/../../../arm-none-eabi/lib/thumb/v7-ar/librdimon_nano.a(rdimon-syscalls.o) (__sinit)
/usr/lib/gcc/arm-none-eabi/6.3.1/../../../arm-none-eabi/lib/thumb/v7-ar/libc_nano.a(lib_a-fwalk.o)
                              /usr/lib/gcc/arm-none-eabi/6.3.1/../../../arm-none-eabi/lib/thumb/v7-ar/libc_nano.a(lib_a-findfp.o) (_fwalk)
/usr/lib/gcc/arm-none-eabi/6.3.1/../../../arm-none-eabi/lib/thumb/v7-ar/libc_nano.a(lib_a-memset.o)
                              /usr/lib/gcc/arm-none-eabi/6.3.1/../../../arm-none-eabi/lib/thumb/v7-ar/librdimon_nano.a(rdimon-syscalls.o) (memset)
/usr/lib/gcc/arm-none-eabi/6.3.1/../../../arm-none-eabi/lib/thumb/v7-ar/libc_nano.a(lib_a-stdio.o)
                              /usr/lib/gcc/arm-none-eabi/6.3.1/../../../arm-none-eabi/lib/thumb/v7-ar/libc_nano.a(lib_a-findfp.o) (__sread)
/usr/lib/gcc/arm-none-eabi/6.3.1/../../../arm-none-eabi/lib/thumb/v7-ar/libc_nano.a(lib_a-strlen-stub.o)
                              /usr/lib/gcc/arm-none-eabi/6.3.1/../../../arm-none-eabi/lib/thumb/v7-ar/librdimon_nano.a(rdimon-syscalls.o) (strlen)
/usr/lib/gcc/arm-none-eabi/6.3.1/../../../arm-none-eabi/lib/thumb/v7-ar/libc_nano.a(lib_a-writer.o)
                              /usr/lib/gcc/arm-none-eabi/6.3.1/../../../arm-none-eabi/lib/thumb/v7-ar/libc_nano.a(lib_a-stdio.o) (_write_r)
/usr/lib/gcc/arm-none-eabi/6.3.1/../../../arm-none-eabi/lib/thumb/v7-ar/libc_nano.a(lib_a-closer.o)
                              /usr/lib/gcc/arm-none-eabi/6.3.1/../../../arm-none-eabi/lib/thumb/v7-ar/libc_nano.a(lib_a-stdio.o) (_close_r)
/usr/lib/gcc/arm-none-eabi/6.3.1/../../../arm-none-eabi/lib/thumb/v7-ar/libc_nano.a(lib_a-fflush.o)
                              /usr/lib/gcc/arm-none-eabi/6.3.1/../../../arm-none-eabi/lib/thumb/v7-ar/libc_nano.a(lib_a-findfp.o) (_fflush_r)
/usr/lib/gcc/arm-none-eabi/6.3.1/../../../arm-none-eabi/lib/thumb/v7-ar/libc_nano.a(lib_a-lseekr.o)
                              /usr/lib/gcc/arm-none-eabi/6.3.1/../../../arm-none-eabi/lib/thumb/v7-ar/libc_nano.a(lib_a-stdio.o) (_lseek_r)
/usr/lib/gcc/arm-none-eabi/6.3.1/../../../arm-none-eabi/lib/thumb/v7-ar/libc_nano.a(lib_a-readr.o)
                              /usr/lib/gcc/arm-none-eabi/6.3.1/../../../arm-none-eabi/lib/thumb/v7-ar/libc_nano.a(lib_a-stdio.o) (_read_r)

Allocating common symbols
Common symbol       size              file

errno               0x4               /usr/lib/gcc/arm-none-eabi/6.3.1/../../../arm-none-eabi/lib/thumb/v7-ar/libg_nano.a(lib_a-reent.o)

Discarded input sections

 .text          0x0000000000000000        0x0 ./src/main.o
 .data          0x0000000000000000        0x0 ./src/main.o
 .bss           0x0000000000000000        0x0 ./src/main.o
 .data          0x0000000000000000        0x0 ./src/start.o
 .bss           0x0000000000000000        0x0 ./src/start.o
 .text          0x0000000000000000        0x0 ./lib/x6818/clkgen.o
 .data          0x0000000000000000        0x0 ./lib/x6818/clkgen.o
 .bss           0x0000000000000000        0x0 ./lib/x6818/clkgen.o
 .text.clk_gen_disable
                0x0000000000000000       0x24 ./lib/x6818/clkgen.o
 .text.clk_gen_isEnable
                0x0000000000000000       0x20 ./lib/x6818/clkgen.o
 .text          0x0000000000000000        0x0 ./lib/x6818/clkpwr.o
 .data          0x0000000000000000        0x0 ./lib/x6818/clkpwr.o
 .bss           0x0000000000000000        0x0 ./lib/x6818/clkpwr.o
 .text.pll_clk_sys_get_src
                0x0000000000000000       0x18 ./lib/x6818/clkpwr.o
 .text.pll_clk_sys_get_bclk_freq
                0x0000000000000000       0x30 ./lib/x6818/clkpwr.o
 .text.pll_clk_sys_get_pclk_freq
                0x0000000000000000       0x40 ./lib/x6818/clkpwr.o
 .text.pll_clk_sys_select_src
                0x0000000000000000       0x1c ./lib/x6818/clkpwr.o
 .text          0x0000000000000000        0x0 ./lib/x6818/ddr3.o
 .data          0x0000000000000000        0x0 ./lib/x6818/ddr3.o
 .bss           0x0000000000000000        0x0 ./lib/x6818/ddr3.o
 .text.ddr3_init
                0x0000000000000000       0x88 ./lib/x6818/ddr3.o
 .debug_info    0x0000000000000000      0x467 ./lib/x6818/ddr3.o
 .debug_abbrev  0x0000000000000000      0x102 ./lib/x6818/ddr3.o
 .debug_loc     0x0000000000000000       0xb9 ./lib/x6818/ddr3.o
 .debug_aranges
                0x0000000000000000       0x20 ./lib/x6818/ddr3.o
 .debug_ranges  0x0000000000000000       0x10 ./lib/x6818/ddr3.o
 .debug_line    0x0000000000000000      0x107 ./lib/x6818/ddr3.o
 .debug_str     0x0000000000000000      0x403 ./lib/x6818/ddr3.o
 .comment       0x0000000000000000       0x2c ./lib/x6818/ddr3.o
 .debug_frame   0x0000000000000000       0x20 ./lib/x6818/ddr3.o
 .ARM.attributes
                0x0000000000000000       0x3a ./lib/x6818/ddr3.o
 .text          0x0000000000000000        0x0 ./lib/x6818/gpio.o
 .data          0x0000000000000000        0x0 ./lib/x6818/gpio.o
 .bss           0x0000000000000000        0x0 ./lib/x6818/gpio.o
 .text.gpio_set_pull
                0x0000000000000000        0x4 ./lib/x6818/gpio.o
 .text.gpio_output
                0x0000000000000000       0x1c ./lib/x6818/gpio.o
 .text          0x0000000000000000        0x0 ./lib/x6818/iprst.o
 .data          0x0000000000000000        0x0 ./lib/x6818/iprst.o
 .bss           0x0000000000000000        0x0 ./lib/x6818/iprst.o
 .debug_line    0x0000000000000000        0x0 ./lib/x6818/iprst.o
 .debug_str     0x0000000000000000       0xd5 ./lib/x6818/iprst.o
 .comment       0x0000000000000000       0x2c ./lib/x6818/iprst.o
 .ARM.attributes
                0x0000000000000000       0x3a ./lib/x6818/iprst.o
 .text          0x0000000000000000        0x0 ./lib/x6818/tieoff.o
 .data          0x0000000000000000        0x0 ./lib/x6818/tieoff.o
 .bss           0x0000000000000000        0x0 ./lib/x6818/tieoff.o
 .debug_line    0x0000000000000000        0x0 ./lib/x6818/tieoff.o
 .debug_str     0x0000000000000000       0xd6 ./lib/x6818/tieoff.o
 .comment       0x0000000000000000       0x2c ./lib/x6818/tieoff.o
 .ARM.attributes
                0x0000000000000000       0x3a ./lib/x6818/tieoff.o
 .text          0x0000000000000000        0x0 ./lib/x6818/uart.o
 .data          0x0000000000000000        0x0 ./lib/x6818/uart.o
 .bss           0x0000000000000000        0x0 ./lib/x6818/uart.o
 .data          0x0000000000000000        0x0 /usr/lib/gcc/arm-none-eabi/6.3.1/../../../arm-none-eabi/lib/thumb/v7-ar/libg_nano.a(lib_a-vsnprintf.o)
 .bss           0x0000000000000000        0x0 /usr/lib/gcc/arm-none-eabi/6.3.1/../../../arm-none-eabi/lib/thumb/v7-ar/libg_nano.a(lib_a-vsnprintf.o)
 .text          0x0000000000000000        0x0 /usr/lib/gcc/arm-none-eabi/6.3.1/../../../arm-none-eabi/lib/thumb/v7-ar/libg_nano.a(lib_a-impure.o)
 .bss           0x0000000000000000        0x0 /usr/lib/gcc/arm-none-eabi/6.3.1/../../../arm-none-eabi/lib/thumb/v7-ar/libg_nano.a(lib_a-impure.o)
 .data          0x0000000000000000        0x0 /usr/lib/gcc/arm-none-eabi/6.3.1/../../../arm-none-eabi/lib/thumb/v7-ar/libg_nano.a(lib_a-nano-svfprintf.o)
 .bss           0x0000000000000000        0x0 /usr/lib/gcc/arm-none-eabi/6.3.1/../../../arm-none-eabi/lib/thumb/v7-ar/libg_nano.a(lib_a-nano-svfprintf.o)
 .data          0x0000000000000000        0x0 /usr/lib/gcc/arm-none-eabi/6.3.1/../../../arm-none-eabi/lib/thumb/v7-ar/libg_nano.a(lib_a-nano-vfprintf_i.o)
 .bss           0x0000000000000000        0x0 /usr/lib/gcc/arm-none-eabi/6.3.1/../../../arm-none-eabi/lib/thumb/v7-ar/libg_nano.a(lib_a-nano-vfprintf_i.o)
 .data          0x0000000000000000        0x0 /usr/lib/gcc/arm-none-eabi/6.3.1/../../../arm-none-eabi/lib/thumb/v7-ar/libg_nano.a(lib_a-memchr-stub.o)
 .bss           0x0000000000000000        0x0 /usr/lib/gcc/arm-none-eabi/6.3.1/../../../arm-none-eabi/lib/thumb/v7-ar/libg_nano.a(lib_a-memchr-stub.o)
 .data          0x0000000000000000        0x0 /usr/lib/gcc/arm-none-eabi/6.3.1/../../../arm-none-eabi/lib/thumb/v7-ar/libg_nano.a(lib_a-memcpy.o)
 .bss           0x0000000000000000        0x0 /usr/lib/gcc/arm-none-eabi/6.3.1/../../../arm-none-eabi/lib/thumb/v7-ar/libg_nano.a(lib_a-memcpy.o)
 .data          0x0000000000000000        0x0 /usr/lib/gcc/arm-none-eabi/6.3.1/../../../arm-none-eabi/lib/thumb/v7-ar/libg_nano.a(lib_a-memmove.o)
 .bss           0x0000000000000000        0x0 /usr/lib/gcc/arm-none-eabi/6.3.1/../../../arm-none-eabi/lib/thumb/v7-ar/libg_nano.a(lib_a-memmove.o)
 .data          0x0000000000000000        0x0 /usr/lib/gcc/arm-none-eabi/6.3.1/../../../arm-none-eabi/lib/thumb/v7-ar/libg_nano.a(lib_a-nano-freer.o)
 .bss           0x0000000000000000        0x0 /usr/lib/gcc/arm-none-eabi/6.3.1/../../../arm-none-eabi/lib/thumb/v7-ar/libg_nano.a(lib_a-nano-freer.o)
 .data          0x0000000000000000        0x0 /usr/lib/gcc/arm-none-eabi/6.3.1/../../../arm-none-eabi/lib/thumb/v7-ar/libg_nano.a(lib_a-nano-mallocr.o)
 .data          0x0000000000000000        0x0 /usr/lib/gcc/arm-none-eabi/6.3.1/../../../arm-none-eabi/lib/thumb/v7-ar/libg_nano.a(lib_a-nano-reallocr.o)
 .bss           0x0000000000000000        0x0 /usr/lib/gcc/arm-none-eabi/6.3.1/../../../arm-none-eabi/lib/thumb/v7-ar/libg_nano.a(lib_a-nano-reallocr.o)
 .data          0x0000000000000000        0x0 /usr/lib/gcc/arm-none-eabi/6.3.1/../../../arm-none-eabi/lib/thumb/v7-ar/libg_nano.a(lib_a-sbrkr.o)
 .bss           0x0000000000000000        0x0 /usr/lib/gcc/arm-none-eabi/6.3.1/../../../arm-none-eabi/lib/thumb/v7-ar/libg_nano.a(lib_a-sbrkr.o)
 .data          0x0000000000000000        0x0 /usr/lib/gcc/arm-none-eabi/6.3.1/../../../arm-none-eabi/lib/thumb/v7-ar/libg_nano.a(lib_a-nano-msizer.o)
 .bss           0x0000000000000000        0x0 /usr/lib/gcc/arm-none-eabi/6.3.1/../../../arm-none-eabi/lib/thumb/v7-ar/libg_nano.a(lib_a-nano-msizer.o)
 .text          0x0000000000000000       0xe0 /usr/lib/gcc/arm-none-eabi/6.3.1/../../../arm-none-eabi/lib/thumb/v7-ar/libg_nano.a(lib_a-reent.o)
 .data          0x0000000000000000        0x0 /usr/lib/gcc/arm-none-eabi/6.3.1/../../../arm-none-eabi/lib/thumb/v7-ar/libg_nano.a(lib_a-reent.o)
 .bss           0x0000000000000000        0x0 /usr/lib/gcc/arm-none-eabi/6.3.1/../../../arm-none-eabi/lib/thumb/v7-ar/libg_nano.a(lib_a-reent.o)
 .data          0x0000000000000000        0x0 /usr/lib/gcc/arm-none-eabi/6.3.1/thumb/v7-ar/libgcc.a(_udivsi3.o)
 .bss           0x0000000000000000        0x0 /usr/lib/gcc/arm-none-eabi/6.3.1/thumb/v7-ar/libgcc.a(_udivsi3.o)
 .data          0x0000000000000000        0x0 /usr/lib/gcc/arm-none-eabi/6.3.1/thumb/v7-ar/libgcc.a(_dvmd_tls.o)
 .bss           0x0000000000000000        0x0 /usr/lib/gcc/arm-none-eabi/6.3.1/thumb/v7-ar/libgcc.a(_dvmd_tls.o)
 .data          0x0000000000000000        0x0 /usr/lib/gcc/arm-none-eabi/6.3.1/../../../arm-none-eabi/lib/thumb/v7-ar/libc_nano.a(lib_a-errno.o)
 .bss           0x0000000000000000        0x0 /usr/lib/gcc/arm-none-eabi/6.3.1/../../../arm-none-eabi/lib/thumb/v7-ar/libc_nano.a(lib_a-errno.o)
 .data          0x0000000000000000        0x0 /usr/lib/gcc/arm-none-eabi/6.3.1/../../../arm-none-eabi/lib/thumb/v7-ar/libc_nano.a(lib_a-findfp.o)
 .bss           0x0000000000000000        0x0 /usr/lib/gcc/arm-none-eabi/6.3.1/../../../arm-none-eabi/lib/thumb/v7-ar/libc_nano.a(lib_a-findfp.o)
 .data          0x0000000000000000        0x0 /usr/lib/gcc/arm-none-eabi/6.3.1/../../../arm-none-eabi/lib/thumb/v7-ar/libc_nano.a(lib_a-fwalk.o)
 .bss           0x0000000000000000        0x0 /usr/lib/gcc/arm-none-eabi/6.3.1/../../../arm-none-eabi/lib/thumb/v7-ar/libc_nano.a(lib_a-fwalk.o)
 .data          0x0000000000000000        0x0 /usr/lib/gcc/arm-none-eabi/6.3.1/../../../arm-none-eabi/lib/thumb/v7-ar/libc_nano.a(lib_a-memset.o)
 .bss           0x0000000000000000        0x0 /usr/lib/gcc/arm-none-eabi/6.3.1/../../../arm-none-eabi/lib/thumb/v7-ar/libc_nano.a(lib_a-memset.o)
 .data          0x0000000000000000        0x0 /usr/lib/gcc/arm-none-eabi/6.3.1/../../../arm-none-eabi/lib/thumb/v7-ar/libc_nano.a(lib_a-stdio.o)
 .bss           0x0000000000000000        0x0 /usr/lib/gcc/arm-none-eabi/6.3.1/../../../arm-none-eabi/lib/thumb/v7-ar/libc_nano.a(lib_a-stdio.o)
 .data          0x0000000000000000        0x0 /usr/lib/gcc/arm-none-eabi/6.3.1/../../../arm-none-eabi/lib/thumb/v7-ar/libc_nano.a(lib_a-strlen-stub.o)
 .bss           0x0000000000000000        0x0 /usr/lib/gcc/arm-none-eabi/6.3.1/../../../arm-none-eabi/lib/thumb/v7-ar/libc_nano.a(lib_a-strlen-stub.o)
 .data          0x0000000000000000        0x0 /usr/lib/gcc/arm-none-eabi/6.3.1/../../../arm-none-eabi/lib/thumb/v7-ar/libc_nano.a(lib_a-writer.o)
 .bss           0x0000000000000000        0x0 /usr/lib/gcc/arm-none-eabi/6.3.1/../../../arm-none-eabi/lib/thumb/v7-ar/libc_nano.a(lib_a-writer.o)
 .data          0x0000000000000000        0x0 /usr/lib/gcc/arm-none-eabi/6.3.1/../../../arm-none-eabi/lib/thumb/v7-ar/libc_nano.a(lib_a-closer.o)
 .bss           0x0000000000000000        0x0 /usr/lib/gcc/arm-none-eabi/6.3.1/../../../arm-none-eabi/lib/thumb/v7-ar/libc_nano.a(lib_a-closer.o)
 .data          0x0000000000000000        0x0 /usr/lib/gcc/arm-none-eabi/6.3.1/../../../arm-none-eabi/lib/thumb/v7-ar/libc_nano.a(lib_a-fflush.o)
 .bss           0x0000000000000000        0x0 /usr/lib/gcc/arm-none-eabi/6.3.1/../../../arm-none-eabi/lib/thumb/v7-ar/libc_nano.a(lib_a-fflush.o)
 .data          0x0000000000000000        0x0 /usr/lib/gcc/arm-none-eabi/6.3.1/../../../arm-none-eabi/lib/thumb/v7-ar/libc_nano.a(lib_a-lseekr.o)
 .bss           0x0000000000000000        0x0 /usr/lib/gcc/arm-none-eabi/6.3.1/../../../arm-none-eabi/lib/thumb/v7-ar/libc_nano.a(lib_a-lseekr.o)
 .data          0x0000000000000000        0x0 /usr/lib/gcc/arm-none-eabi/6.3.1/../../../arm-none-eabi/lib/thumb/v7-ar/libc_nano.a(lib_a-readr.o)
 .bss           0x0000000000000000        0x0 /usr/lib/gcc/arm-none-eabi/6.3.1/../../../arm-none-eabi/lib/thumb/v7-ar/libc_nano.a(lib_a-readr.o)

Memory Configuration

Name             Origin             Length             Attributes
*default*        0x0000000000000000 0xffffffffffffffff

Linker script and memory map

START GROUP
LOAD /usr/lib/gcc/arm-none-eabi/6.3.1/thumb/v7-ar/libgcc.a
LOAD /usr/lib/gcc/arm-none-eabi/6.3.1/../../../arm-none-eabi/lib/thumb/v7-ar/libc_nano.a
LOAD /usr/lib/gcc/arm-none-eabi/6.3.1/../../../arm-none-eabi/lib/thumb/v7-ar/libc_nano.a
LOAD /usr/lib/gcc/arm-none-eabi/6.3.1/../../../arm-none-eabi/lib/thumb/v7-ar/libm.a
LOAD /usr/lib/gcc/arm-none-eabi/6.3.1/../../../arm-none-eabi/lib/thumb/v7-ar/librdimon_nano.a
END GROUP
LOAD ./src/main.o
LOAD ./src/start.o
LOAD ./lib/x6818/clkgen.o
LOAD ./lib/x6818/clkpwr.o
LOAD ./lib/x6818/ddr3.o
LOAD ./lib/x6818/gpio.o
LOAD ./lib/x6818/iprst.o
LOAD ./lib/x6818/tieoff.o
LOAD ./lib/x6818/uart.o
START GROUP
LOAD /usr/lib/gcc/arm-none-eabi/6.3.1/thumb/v7-ar/libgcc.a
LOAD /usr/lib/gcc/arm-none-eabi/6.3.1/../../../arm-none-eabi/lib/thumb/v7-ar/libg_nano.a
LOAD /usr/lib/gcc/arm-none-eabi/6.3.1/../../../arm-none-eabi/lib/thumb/v7-ar/libc_nano.a
END GROUP
START GROUP
LOAD /usr/lib/gcc/arm-none-eabi/6.3.1/thumb/v7-ar/libgcc.a
LOAD /usr/lib/gcc/arm-none-eabi/6.3.1/../../../arm-none-eabi/lib/thumb/v7-ar/libc_nano.a
LOAD /usr/lib/gcc/arm-none-eabi/6.3.1/../../../arm-none-eabi/lib/thumb/v7-ar/librdimon_nano.a
LOAD /usr/lib/gcc/arm-none-eabi/6.3.1/../../../arm-none-eabi/lib/thumb/v7-ar/libnosys.a
END GROUP
START GROUP
LOAD /usr/lib/gcc/arm-none-eabi/6.3.1/thumb/v7-ar/libgcc.a
LOAD /usr/lib/gcc/arm-none-eabi/6.3.1/../../../arm-none-eabi/lib/thumb/v7-ar/libc_nano.a
LOAD /usr/lib/gcc/arm-none-eabi/6.3.1/../../../arm-none-eabi/lib/thumb/v7-ar/libnosys.a
END GROUP
START GROUP
LOAD /usr/lib/gcc/arm-none-eabi/6.3.1/thumb/v7-ar/libgcc.a
LOAD /usr/lib/gcc/arm-none-eabi/6.3.1/../../../arm-none-eabi/lib/thumb/v7-ar/libc_nano.a
LOAD /usr/lib/gcc/arm-none-eabi/6.3.1/../../../arm-none-eabi/lib/thumb/v7-ar/librdimon_nano.a
END GROUP
                0x00000000ffff0000                INTERNAL_SRAM_START = 0xffff0000
                0x00000000ffff0000                . = INTERNAL_SRAM_START
                0x00000000ffff0000                __image_start = .

.text           0x00000000ffff0000     0x23c0
 ./src/start.o(.text*)
 .text          0x00000000ffff0000      0x210 ./src/start.o
                0x00000000ffff0000                Vectors
                0x00000000ffff0200                _bss_start
                0x00000000ffff0204                _bss_end
                0x00000000ffff0208                _stack_start
                0x00000000ffff020c                _stack_end
 *(.text*)
 .text.boot_main
                0x00000000ffff0210       0x44 ./src/main.o
                0x00000000ffff0210                boot_main
 .text._write   0x00000000ffff0254        0x8 ./src/main.o
                0x00000000ffff0254                _write
 .text.sub_cpu_main
                0x00000000ffff025c        0x8 ./src/main.o
                0x00000000ffff025c                sub_cpu_main
 .text.clk_gen_enable
                0x00000000ffff0264       0x24 ./lib/x6818/clkgen.o
                0x00000000ffff0264                clk_gen_enable
 .text.clk_gen_set_src
                0x00000000ffff0288       0x2c ./lib/x6818/clkgen.o
                0x00000000ffff0288                clk_gen_set_src
 .text.clk_gen_get_freq
                0x00000000ffff02b4       0x60 ./lib/x6818/clkgen.o
                0x00000000ffff02b4                clk_gen_get_freq
 .text.pll_clk_pll_get_freq
                0x00000000ffff0314       0x70 ./lib/x6818/clkpwr.o
                0x00000000ffff0314                pll_clk_pll_get_freq
 .text.clkpwr_pll_set_freq
                0x00000000ffff0384       0x88 ./lib/x6818/clkpwr.o
                0x00000000ffff0384                clkpwr_pll_set_freq
 .text.clkpwr_sys_set_bclk_freq
                0x00000000ffff040c       0x38 ./lib/x6818/clkpwr.o
                0x00000000ffff040c                clkpwr_sys_set_bclk_freq
 .text.clkpwr_sys_set_pclk_freq
                0x00000000ffff0444       0x48 ./lib/x6818/clkpwr.o
                0x00000000ffff0444                clkpwr_sys_set_pclk_freq
 .text.clkpwr_pll_init
                0x00000000ffff048c       0x68 ./lib/x6818/clkpwr.o
                0x00000000ffff048c                clkpwr_pll_init
 .text.gpio_set_cfg
                0x00000000ffff04f4       0x54 ./lib/x6818/gpio.o
                0x00000000ffff04f4                gpio_set_cfg
 .text.gpio_set_output
                0x00000000ffff0548       0x18 ./lib/x6818/gpio.o
                0x00000000ffff0548                gpio_set_output
 .text.gpio_set_input
                0x00000000ffff0560       0x18 ./lib/x6818/gpio.o
                0x00000000ffff0560                gpio_set_input
 .text.uart_write
                0x00000000ffff0578       0x34 ./lib/x6818/uart.o
                0x00000000ffff0578                uart_write
 .text.uart_printf
                0x00000000ffff05ac       0x54 ./lib/x6818/uart.o
                0x00000000ffff05ac                uart_printf
 .text.uart_init
                0x00000000ffff0600      0x110 ./lib/x6818/uart.o
                0x00000000ffff0600                uart_init
 .text.uart_is_busy
                0x00000000ffff0710       0x28 ./lib/x6818/uart.o
                0x00000000ffff0710                uart_is_busy
 .text          0x00000000ffff0738       0x8c /usr/lib/gcc/arm-none-eabi/6.3.1/../../../arm-none-eabi/lib/thumb/v7-ar/libg_nano.a(lib_a-vsnprintf.o)
                0x00000000ffff0738                _vsnprintf_r
                0x00000000ffff0738                _vsniprintf_r
                0x00000000ffff07a4                vsnprintf
                0x00000000ffff07a4                vsniprintf
 .text          0x00000000ffff07c4      0x3e8 /usr/lib/gcc/arm-none-eabi/6.3.1/../../../arm-none-eabi/lib/thumb/v7-ar/libg_nano.a(lib_a-nano-svfprintf.o)
                0x00000000ffff07c4                __ssputs_r
                0x00000000ffff0888                __ssprint_r
                0x00000000ffff0980                _svfprintf_r
                0x00000000ffff0980                _svfiprintf_r
 .text          0x00000000ffff0bac      0x3ec /usr/lib/gcc/arm-none-eabi/6.3.1/../../../arm-none-eabi/lib/thumb/v7-ar/libg_nano.a(lib_a-nano-vfprintf_i.o)
                0x00000000ffff0bac                _printf_common
                0x00000000ffff0cd0                _printf_i
 .text          0x00000000ffff0f98       0x8c /usr/lib/gcc/arm-none-eabi/6.3.1/../../../arm-none-eabi/lib/thumb/v7-ar/libg_nano.a(lib_a-memchr-stub.o)
                0x00000000ffff0f98                memchr
 .text          0x00000000ffff1024       0xec /usr/lib/gcc/arm-none-eabi/6.3.1/../../../arm-none-eabi/lib/thumb/v7-ar/libg_nano.a(lib_a-memcpy.o)
                0x00000000ffff1024                memcpy
 .text          0x00000000ffff1110       0xd4 /usr/lib/gcc/arm-none-eabi/6.3.1/../../../arm-none-eabi/lib/thumb/v7-ar/libg_nano.a(lib_a-memmove.o)
                0x00000000ffff1110                memmove
 .text          0x00000000ffff11e4       0x98 /usr/lib/gcc/arm-none-eabi/6.3.1/../../../arm-none-eabi/lib/thumb/v7-ar/libg_nano.a(lib_a-nano-freer.o)
                0x00000000ffff11e4                _free_r
 .text          0x00000000ffff127c       0xc4 /usr/lib/gcc/arm-none-eabi/6.3.1/../../../arm-none-eabi/lib/thumb/v7-ar/libg_nano.a(lib_a-nano-mallocr.o)
                0x00000000ffff127c                _malloc_r
 .text          0x00000000ffff1340       0x50 /usr/lib/gcc/arm-none-eabi/6.3.1/../../../arm-none-eabi/lib/thumb/v7-ar/libg_nano.a(lib_a-nano-reallocr.o)
                0x00000000ffff1340                _realloc_r
 .text          0x00000000ffff1390       0x28 /usr/lib/gcc/arm-none-eabi/6.3.1/../../../arm-none-eabi/lib/thumb/v7-ar/libg_nano.a(lib_a-sbrkr.o)
                0x00000000ffff1390                _sbrk_r
 .text          0x00000000ffff13b8       0x14 /usr/lib/gcc/arm-none-eabi/6.3.1/../../../arm-none-eabi/lib/thumb/v7-ar/libg_nano.a(lib_a-nano-msizer.o)
                0x00000000ffff13b8                _malloc_usable_size_r
 *fill*         0x00000000ffff13cc        0x4 
 .text          0x00000000ffff13d0      0x278 /usr/lib/gcc/arm-none-eabi/6.3.1/thumb/v7-ar/libgcc.a(_udivsi3.o)
                0x00000000ffff13d0                __udivsi3
                0x00000000ffff13d0                __aeabi_uidiv
                0x00000000ffff162c                __aeabi_uidivmod
 .text          0x00000000ffff1648        0x4 /usr/lib/gcc/arm-none-eabi/6.3.1/thumb/v7-ar/libgcc.a(_dvmd_tls.o)
                0x00000000ffff1648                __aeabi_ldiv0
                0x00000000ffff1648                __aeabi_idiv0
 .text          0x00000000ffff164c      0x6a0 /usr/lib/gcc/arm-none-eabi/6.3.1/../../../arm-none-eabi/lib/thumb/v7-ar/librdimon_nano.a(rdimon-syscalls.o)
                0x00000000ffff16a4                initialise_monitor_handles
                0x00000000ffff173c                _swiread
                0x00000000ffff1768                _read
                0x00000000ffff17bc                _swilseek
                0x00000000ffff1860                _lseek
                0x00000000ffff1864                _swiwrite
                0x00000000ffff1908                _swiclose
                0x00000000ffff1930                _close
                0x00000000ffff199c                _getpid
                0x00000000ffff19a0                _sbrk
                0x00000000ffff19f8                _swistat
                0x00000000ffff1a44                _fstat
                0x00000000ffff1a60                _stat
                0x00000000ffff1a9c                _swiopen
                0x00000000ffff1b74                _open
                0x00000000ffff1b88                _link
                0x00000000ffff1b98                _unlink
                0x00000000ffff1bd8                _gettimeofday
                0x00000000ffff1bfc                _clock
                0x00000000ffff1c10                _times
                0x00000000ffff1c30                _isatty
                0x00000000ffff1c6c                _system
                0x00000000ffff1cb0                _rename
 .text          0x00000000ffff1cec        0xc /usr/lib/gcc/arm-none-eabi/6.3.1/../../../arm-none-eabi/lib/thumb/v7-ar/libc_nano.a(lib_a-errno.o)
                0x00000000ffff1cec                __errno
 .text          0x00000000ffff1cf8      0x248 /usr/lib/gcc/arm-none-eabi/6.3.1/../../../arm-none-eabi/lib/thumb/v7-ar/libc_nano.a(lib_a-findfp.o)
                0x00000000ffff1cfc                _cleanup_r
                0x00000000ffff1d0c                __sfmoreglue
                0x00000000ffff1d3c                __sfp
                0x00000000ffff1ee0                _cleanup
                0x00000000ffff1ef8                __sinit
                0x00000000ffff1f00                __sfp_lock_acquire
                0x00000000ffff1f04                __sfp_lock_release
                0x00000000ffff1f08                __sinit_lock_acquire
                0x00000000ffff1f0c                __sinit_lock_release
                0x00000000ffff1f10                __fp_lock_all
                0x00000000ffff1f28                __fp_unlock_all
 .text          0x00000000ffff1f40       0x98 /usr/lib/gcc/arm-none-eabi/6.3.1/../../../arm-none-eabi/lib/thumb/v7-ar/libc_nano.a(lib_a-fwalk.o)
                0x00000000ffff1f40                _fwalk
                0x00000000ffff1f88                _fwalk_reent
 .text          0x00000000ffff1fd8       0xa4 /usr/lib/gcc/arm-none-eabi/6.3.1/../../../arm-none-eabi/lib/thumb/v7-ar/libc_nano.a(lib_a-memset.o)
                0x00000000ffff1fd8                memset
 .text          0x00000000ffff207c       0x8c /usr/lib/gcc/arm-none-eabi/6.3.1/../../../arm-none-eabi/lib/thumb/v7-ar/libc_nano.a(lib_a-stdio.o)
                0x00000000ffff207c                __sread
                0x00000000ffff20a0                __seofread
                0x00000000ffff20a4                __swrite
                0x00000000ffff20e0                __sseek
                0x00000000ffff2100                __sclose
 .text          0x00000000ffff2108       0x5c /usr/lib/gcc/arm-none-eabi/6.3.1/../../../arm-none-eabi/lib/thumb/v7-ar/libc_nano.a(lib_a-strlen-stub.o)
                0x00000000ffff2108                strlen
 .text          0x00000000ffff2164       0x2c /usr/lib/gcc/arm-none-eabi/6.3.1/../../../arm-none-eabi/lib/thumb/v7-ar/libc_nano.a(lib_a-writer.o)
                0x00000000ffff2164                _write_r
 .text          0x00000000ffff2190       0x28 /usr/lib/gcc/arm-none-eabi/6.3.1/../../../arm-none-eabi/lib/thumb/v7-ar/libc_nano.a(lib_a-closer.o)
                0x00000000ffff2190                _close_r
 .text          0x00000000ffff21b8      0x1b0 /usr/lib/gcc/arm-none-eabi/6.3.1/../../../arm-none-eabi/lib/thumb/v7-ar/libc_nano.a(lib_a-fflush.o)
                0x00000000ffff21b8                __sflush_r
                0x00000000ffff22dc                _fflush_r
                0x00000000ffff2340                fflush
 .text          0x00000000ffff2368       0x2c /usr/lib/gcc/arm-none-eabi/6.3.1/../../../arm-none-eabi/lib/thumb/v7-ar/libc_nano.a(lib_a-lseekr.o)
                0x00000000ffff2368                _lseek_r
 .text          0x00000000ffff2394       0x2c /usr/lib/gcc/arm-none-eabi/6.3.1/../../../arm-none-eabi/lib/thumb/v7-ar/libc_nano.a(lib_a-readr.o)
                0x00000000ffff2394                _read_r

.glue_7         0x00000000ffff23c0        0x0
 .glue_7        0x00000000ffff23c0        0x0 linker stubs

.glue_7t        0x00000000ffff23c0        0x0
 .glue_7t       0x00000000ffff23c0        0x0 linker stubs

.vfp11_veneer   0x00000000ffff23c0        0x0
 .vfp11_veneer  0x00000000ffff23c0        0x0 linker stubs

.v4_bx          0x00000000ffff23c0        0x0
 .v4_bx         0x00000000ffff23c0        0x0 linker stubs

.iplt           0x00000000ffff23c0        0x0
 .iplt          0x00000000ffff23c0        0x0 ./src/main.o
                0x00000000ffff23c0                . = ALIGN (0x4)

.rodata         0x00000000ffff23c0      0x1e0
 *(.rodata*)
 .rodata.boot_main.str1.1
                0x00000000ffff23c0       0x18 ./src/main.o
 .rodata.pll_gen_predef
                0x00000000ffff23d8       0x3c ./lib/x6818/clkgen.o
                0x00000000ffff23d8                pll_gen_predef
 .rodata.str1.1
                0x00000000ffff2414       0x22 ./lib/x6818/clkgen.o
 *fill*         0x00000000ffff2436        0x2 
 .rodata.pll01_pms_predef
                0x00000000ffff2438       0xbc ./lib/x6818/clkpwr.o
                0x00000000ffff2438                pll01_pms_predef
 .rodata.uart_init.str1.1
                0x00000000ffff24f4        0x4 ./lib/x6818/uart.o
 .rodata        0x00000000ffff24f8        0x4 /usr/lib/gcc/arm-none-eabi/6.3.1/../../../arm-none-eabi/lib/thumb/v7-ar/libg_nano.a(lib_a-impure.o)
                0x00000000ffff24f8                _global_impure_ptr
 .rodata.str1.4
                0x00000000ffff24fc        0x2 /usr/lib/gcc/arm-none-eabi/6.3.1/../../../arm-none-eabi/lib/thumb/v7-ar/libg_nano.a(lib_a-impure.o)
 *fill*         0x00000000ffff24fe        0x2 
 .rodata.str1.4
                0x00000000ffff2500       0x13 /usr/lib/gcc/arm-none-eabi/6.3.1/../../../arm-none-eabi/lib/thumb/v7-ar/libg_nano.a(lib_a-nano-svfprintf.o)
 *fill*         0x00000000ffff2513        0x1 
 .rodata.str1.4
                0x00000000ffff2514       0x25 /usr/lib/gcc/arm-none-eabi/6.3.1/../../../arm-none-eabi/lib/thumb/v7-ar/libg_nano.a(lib_a-nano-vfprintf_i.o)
 *fill*         0x00000000ffff2539        0x3 
 .rodata.str1.4
                0x00000000ffff253c        0x4 /usr/lib/gcc/arm-none-eabi/6.3.1/../../../arm-none-eabi/lib/thumb/v7-ar/librdimon_nano.a(rdimon-syscalls.o)
 .rodata        0x00000000ffff2540       0x60 /usr/lib/gcc/arm-none-eabi/6.3.1/../../../arm-none-eabi/lib/thumb/v7-ar/libc_nano.a(lib_a-findfp.o)
                0x00000000ffff2540                __sf_fake_stderr
                0x00000000ffff2560                __sf_fake_stdout
                0x00000000ffff2580                __sf_fake_stdin

.rel.dyn        0x00000000ffff25a0        0x0
 .rel.iplt      0x00000000ffff25a0        0x0 ./src/main.o
                0x00000000ffff25a0                . = ALIGN (0x4)

.data           0x00000000ffff25a0       0x68
 *(.data*)
 .data          0x00000000ffff25a0       0x64 /usr/lib/gcc/arm-none-eabi/6.3.1/../../../arm-none-eabi/lib/thumb/v7-ar/libg_nano.a(lib_a-impure.o)
                0x00000000ffff25a0                _impure_ptr
 .data          0x00000000ffff2604        0x4 /usr/lib/gcc/arm-none-eabi/6.3.1/../../../arm-none-eabi/lib/thumb/v7-ar/librdimon_nano.a(rdimon-syscalls.o)
                0x00000000ffff2604                __heap_limit
                0x00000000ffff2608                __image_end = .

.igot.plt       0x00000000ffff2608        0x0
 .igot.plt      0x00000000ffff2608        0x0 ./src/main.o
                0x00000000ffff2608                . = ALIGN (0x4)
                0x00000000ffff2608                __bss_start = .

.bss            0x00000000ffff2608      0x8b8
 *(.bss*)
 .bss.buf       0x00000000ffff2608      0x800 ./lib/x6818/uart.o
 .bss           0x00000000ffff2e08        0x8 /usr/lib/gcc/arm-none-eabi/6.3.1/../../../arm-none-eabi/lib/thumb/v7-ar/libg_nano.a(lib_a-nano-mallocr.o)
                0x00000000ffff2e08                __malloc_free_list
                0x00000000ffff2e0c                __malloc_sbrk_start
 .bss           0x00000000ffff2e10       0xb0 /usr/lib/gcc/arm-none-eabi/6.3.1/../../../arm-none-eabi/lib/thumb/v7-ar/librdimon_nano.a(rdimon-syscalls.o)
                0x00000000ffff2ec0                __bss_end = .
                0x00000000ffff2ec0                . = ALIGN (0x4)

COMMON          0x00000000ffff2ec0        0x4
 *(COMMON)
 COMMON         0x00000000ffff2ec0        0x4 /usr/lib/gcc/arm-none-eabi/6.3.1/../../../arm-none-eabi/lib/thumb/v7-ar/libg_nano.a(lib_a-reent.o)
                0x00000000ffff2ec0                errno
                0x00000000ffff8000                . = (INTERNAL_SRAM_START + 0x8000)
                0x00000000ffff8000                __stack_start = .

.stack          0x00000000ffff8000     0x4000
                0x00000000ffffc000                . = (. + 0x4000)
 *fill*         0x00000000ffff8000     0x4000 
                0x00000000ffffc000                __stack_end = .
                0x00000000ffffc000                . = (INTERNAL_SRAM_START + 0xc000)

.ttb            0x00000000ffffc000     0x4000
                0x0000000000004000                . = 0x4000
 *fill*         0x00000000ffffc000     0x4000 
                0x0000000000002608                __image_size = (__image_end - __image_start)
                [0x00000000ffff2ec0]                __bss_end = ALIGN (__bss_end, 0x4)
                [0x0000000000002610]                __image_size = ALIGN (__image_size, 0x10)
                0x00000000ffff2ec0                end = __bss_end
                0x00000000ffff8000                _Heap_Limit = __stack_start
OUTPUT(bootloader.elf elf32-littlearm)

.debug_info     0x0000000000000000    0x14c20
 .debug_info    0x0000000000000000      0x9b8 ./src/main.o
 .debug_info    0x00000000000009b8       0x70 ./src/start.o
 .debug_info    0x0000000000000a28      0x541 ./lib/x6818/clkgen.o
 .debug_info    0x0000000000000f69      0xbcf ./lib/x6818/clkpwr.o
 .debug_info    0x0000000000001b38      0x317 ./lib/x6818/gpio.o
 .debug_info    0x0000000000001e4f      0xee0 ./lib/x6818/uart.o
 .debug_info    0x0000000000002d2f      0xc24 /usr/lib/gcc/arm-none-eabi/6.3.1/../../../arm-none-eabi/lib/thumb/v7-ar/libg_nano.a(lib_a-vsnprintf.o)
 .debug_info    0x0000000000003953      0x8a0 /usr/lib/gcc/arm-none-eabi/6.3.1/../../../arm-none-eabi/lib/thumb/v7-ar/libg_nano.a(lib_a-impure.o)
 .debug_info    0x00000000000041f3     0x11b8 /usr/lib/gcc/arm-none-eabi/6.3.1/../../../arm-none-eabi/lib/thumb/v7-ar/libg_nano.a(lib_a-nano-svfprintf.o)
 .debug_info    0x00000000000053ab      0xfb8 /usr/lib/gcc/arm-none-eabi/6.3.1/../../../arm-none-eabi/lib/thumb/v7-ar/libg_nano.a(lib_a-nano-vfprintf_i.o)
 .debug_info    0x0000000000006363      0x930 /usr/lib/gcc/arm-none-eabi/6.3.1/../../../arm-none-eabi/lib/thumb/v7-ar/libg_nano.a(lib_a-memchr-stub.o)
 .debug_info    0x0000000000006c93       0xce /usr/lib/gcc/arm-none-eabi/6.3.1/../../../arm-none-eabi/lib/thumb/v7-ar/libg_nano.a(lib_a-memcpy.o)
 .debug_info    0x0000000000006d61      0x925 /usr/lib/gcc/arm-none-eabi/6.3.1/../../../arm-none-eabi/lib/thumb/v7-ar/libg_nano.a(lib_a-memmove.o)
 .debug_info    0x0000000000007686      0xa51 /usr/lib/gcc/arm-none-eabi/6.3.1/../../../arm-none-eabi/lib/thumb/v7-ar/libg_nano.a(lib_a-nano-freer.o)
 .debug_info    0x00000000000080d7      0xb1b /usr/lib/gcc/arm-none-eabi/6.3.1/../../../arm-none-eabi/lib/thumb/v7-ar/libg_nano.a(lib_a-nano-mallocr.o)
 .debug_info    0x0000000000008bf2      0xac0 /usr/lib/gcc/arm-none-eabi/6.3.1/../../../arm-none-eabi/lib/thumb/v7-ar/libg_nano.a(lib_a-nano-reallocr.o)
 .debug_info    0x00000000000096b2      0x955 /usr/lib/gcc/arm-none-eabi/6.3.1/../../../arm-none-eabi/lib/thumb/v7-ar/libg_nano.a(lib_a-sbrkr.o)
 .debug_info    0x000000000000a007      0x9f7 /usr/lib/gcc/arm-none-eabi/6.3.1/../../../arm-none-eabi/lib/thumb/v7-ar/libg_nano.a(lib_a-nano-msizer.o)
 .debug_info    0x000000000000a9fe      0xa67 /usr/lib/gcc/arm-none-eabi/6.3.1/../../../arm-none-eabi/lib/thumb/v7-ar/libg_nano.a(lib_a-reent.o)
 .debug_info    0x000000000000b465       0xc0 /usr/lib/gcc/arm-none-eabi/6.3.1/thumb/v7-ar/libgcc.a(_udivsi3.o)
 .debug_info    0x000000000000b525       0xc0 /usr/lib/gcc/arm-none-eabi/6.3.1/thumb/v7-ar/libgcc.a(_dvmd_tls.o)
 .debug_info    0x000000000000b5e5     0x2032 /usr/lib/gcc/arm-none-eabi/6.3.1/../../../arm-none-eabi/lib/thumb/v7-ar/librdimon_nano.a(rdimon-syscalls.o)
 .debug_info    0x000000000000d617      0x8c7 /usr/lib/gcc/arm-none-eabi/6.3.1/../../../arm-none-eabi/lib/thumb/v7-ar/libc_nano.a(lib_a-errno.o)
 .debug_info    0x000000000000dede      0xfef /usr/lib/gcc/arm-none-eabi/6.3.1/../../../arm-none-eabi/lib/thumb/v7-ar/libc_nano.a(lib_a-findfp.o)
 .debug_info    0x000000000000eecd      0xbc7 /usr/lib/gcc/arm-none-eabi/6.3.1/../../../arm-none-eabi/lib/thumb/v7-ar/libc_nano.a(lib_a-fwalk.o)
 .debug_info    0x000000000000fa94      0x916 /usr/lib/gcc/arm-none-eabi/6.3.1/../../../arm-none-eabi/lib/thumb/v7-ar/libc_nano.a(lib_a-memset.o)
 .debug_info    0x00000000000103aa      0xd51 /usr/lib/gcc/arm-none-eabi/6.3.1/../../../arm-none-eabi/lib/thumb/v7-ar/libc_nano.a(lib_a-stdio.o)
 .debug_info    0x00000000000110fb      0x8b1 /usr/lib/gcc/arm-none-eabi/6.3.1/../../../arm-none-eabi/lib/thumb/v7-ar/libc_nano.a(lib_a-strlen-stub.o)
 .debug_info    0x00000000000119ac      0x993 /usr/lib/gcc/arm-none-eabi/6.3.1/../../../arm-none-eabi/lib/thumb/v7-ar/libc_nano.a(lib_a-writer.o)
 .debug_info    0x000000000001233f      0x94b /usr/lib/gcc/arm-none-eabi/6.3.1/../../../arm-none-eabi/lib/thumb/v7-ar/libc_nano.a(lib_a-closer.o)
 .debug_info    0x0000000000012c8a      0xc94 /usr/lib/gcc/arm-none-eabi/6.3.1/../../../arm-none-eabi/lib/thumb/v7-ar/libc_nano.a(lib_a-fflush.o)
 .debug_info    0x000000000001391e      0x976 /usr/lib/gcc/arm-none-eabi/6.3.1/../../../arm-none-eabi/lib/thumb/v7-ar/libc_nano.a(lib_a-lseekr.o)
 .debug_info    0x0000000000014294      0x98c /usr/lib/gcc/arm-none-eabi/6.3.1/../../../arm-none-eabi/lib/thumb/v7-ar/libc_nano.a(lib_a-readr.o)

.debug_abbrev   0x0000000000000000     0x3d2a
 .debug_abbrev  0x0000000000000000      0x1e4 ./src/main.o
 .debug_abbrev  0x00000000000001e4       0x14 ./src/start.o
 .debug_abbrev  0x00000000000001f8      0x1dd ./lib/x6818/clkgen.o
 .debug_abbrev  0x00000000000003d5      0x240 ./lib/x6818/clkpwr.o
 .debug_abbrev  0x0000000000000615      0x103 ./lib/x6818/gpio.o
 .debug_abbrev  0x0000000000000718      0x316 ./lib/x6818/uart.o
 .debug_abbrev  0x0000000000000a2e      0x24d /usr/lib/gcc/arm-none-eabi/6.3.1/../../../arm-none-eabi/lib/thumb/v7-ar/libg_nano.a(lib_a-vsnprintf.o)
 .debug_abbrev  0x0000000000000c7b      0x153 /usr/lib/gcc/arm-none-eabi/6.3.1/../../../arm-none-eabi/lib/thumb/v7-ar/libg_nano.a(lib_a-impure.o)
 .debug_abbrev  0x0000000000000dce      0x2d7 /usr/lib/gcc/arm-none-eabi/6.3.1/../../../arm-none-eabi/lib/thumb/v7-ar/libg_nano.a(lib_a-nano-svfprintf.o)
 .debug_abbrev  0x00000000000010a5      0x2a3 /usr/lib/gcc/arm-none-eabi/6.3.1/../../../arm-none-eabi/lib/thumb/v7-ar/libg_nano.a(lib_a-nano-vfprintf_i.o)
 .debug_abbrev  0x0000000000001348      0x19c /usr/lib/gcc/arm-none-eabi/6.3.1/../../../arm-none-eabi/lib/thumb/v7-ar/libg_nano.a(lib_a-memchr-stub.o)
 .debug_abbrev  0x00000000000014e4       0x14 /usr/lib/gcc/arm-none-eabi/6.3.1/../../../arm-none-eabi/lib/thumb/v7-ar/libg_nano.a(lib_a-memcpy.o)
 .debug_abbrev  0x00000000000014f8      0x19c /usr/lib/gcc/arm-none-eabi/6.3.1/../../../arm-none-eabi/lib/thumb/v7-ar/libg_nano.a(lib_a-memmove.o)
 .debug_abbrev  0x0000000000001694      0x1ef /usr/lib/gcc/arm-none-eabi/6.3.1/../../../arm-none-eabi/lib/thumb/v7-ar/libg_nano.a(lib_a-nano-freer.o)
 .debug_abbrev  0x0000000000001883      0x292 /usr/lib/gcc/arm-none-eabi/6.3.1/../../../arm-none-eabi/lib/thumb/v7-ar/libg_nano.a(lib_a-nano-mallocr.o)
 .debug_abbrev  0x0000000000001b15      0x1ee /usr/lib/gcc/arm-none-eabi/6.3.1/../../../arm-none-eabi/lib/thumb/v7-ar/libg_nano.a(lib_a-nano-reallocr.o)
 .debug_abbrev  0x0000000000001d03      0x1d6 /usr/lib/gcc/arm-none-eabi/6.3.1/../../../arm-none-eabi/lib/thumb/v7-ar/libg_nano.a(lib_a-sbrkr.o)
 .debug_abbrev  0x0000000000001ed9      0x1ab /usr/lib/gcc/arm-none-eabi/6.3.1/../../../arm-none-eabi/lib/thumb/v7-ar/libg_nano.a(lib_a-nano-msizer.o)
 .debug_abbrev  0x0000000000002084      0x228 /usr/lib/gcc/arm-none-eabi/6.3.1/../../../arm-none-eabi/lib/thumb/v7-ar/libg_nano.a(lib_a-reent.o)
 .debug_abbrev  0x00000000000022ac       0x14 /usr/lib/gcc/arm-none-eabi/6.3.1/thumb/v7-ar/libgcc.a(_udivsi3.o)
 .debug_abbrev  0x00000000000022c0       0x14 /usr/lib/gcc/arm-none-eabi/6.3.1/thumb/v7-ar/libgcc.a(_dvmd_tls.o)
 .debug_abbrev  0x00000000000022d4      0x473 /usr/lib/gcc/arm-none-eabi/6.3.1/../../../arm-none-eabi/lib/thumb/v7-ar/librdimon_nano.a(rdimon-syscalls.o)
 .debug_abbrev  0x0000000000002747      0x16f /usr/lib/gcc/arm-none-eabi/6.3.1/../../../arm-none-eabi/lib/thumb/v7-ar/libc_nano.a(lib_a-errno.o)
 .debug_abbrev  0x00000000000028b6      0x374 /usr/lib/gcc/arm-none-eabi/6.3.1/../../../arm-none-eabi/lib/thumb/v7-ar/libc_nano.a(lib_a-findfp.o)
 .debug_abbrev  0x0000000000002c2a      0x1d4 /usr/lib/gcc/arm-none-eabi/6.3.1/../../../arm-none-eabi/lib/thumb/v7-ar/libc_nano.a(lib_a-fwalk.o)
 .debug_abbrev  0x0000000000002dfe      0x197 /usr/lib/gcc/arm-none-eabi/6.3.1/../../../arm-none-eabi/lib/thumb/v7-ar/libc_nano.a(lib_a-memset.o)
 .debug_abbrev  0x0000000000002f95      0x237 /usr/lib/gcc/arm-none-eabi/6.3.1/../../../arm-none-eabi/lib/thumb/v7-ar/libc_nano.a(lib_a-stdio.o)
 .debug_abbrev  0x00000000000031cc      0x168 /usr/lib/gcc/arm-none-eabi/6.3.1/../../../arm-none-eabi/lib/thumb/v7-ar/libc_nano.a(lib_a-strlen-stub.o)
 .debug_abbrev  0x0000000000003334      0x1d6 /usr/lib/gcc/arm-none-eabi/6.3.1/../../../arm-none-eabi/lib/thumb/v7-ar/libc_nano.a(lib_a-writer.o)
 .debug_abbrev  0x000000000000350a      0x1d1 /usr/lib/gcc/arm-none-eabi/6.3.1/../../../arm-none-eabi/lib/thumb/v7-ar/libc_nano.a(lib_a-closer.o)
 .debug_abbrev  0x00000000000036db      0x29e /usr/lib/gcc/arm-none-eabi/6.3.1/../../../arm-none-eabi/lib/thumb/v7-ar/libc_nano.a(lib_a-fflush.o)
 .debug_abbrev  0x0000000000003979      0x1e0 /usr/lib/gcc/arm-none-eabi/6.3.1/../../../arm-none-eabi/lib/thumb/v7-ar/libc_nano.a(lib_a-lseekr.o)
 .debug_abbrev  0x0000000000003b59      0x1d1 /usr/lib/gcc/arm-none-eabi/6.3.1/../../../arm-none-eabi/lib/thumb/v7-ar/libc_nano.a(lib_a-readr.o)

.debug_loc      0x0000000000000000     0x3ef5
 .debug_loc     0x0000000000000000       0x63 ./src/main.o
 .debug_loc     0x0000000000000063      0x128 ./lib/x6818/clkgen.o
 .debug_loc     0x000000000000018b      0x208 ./lib/x6818/clkpwr.o
 .debug_loc     0x0000000000000393      0x17b ./lib/x6818/gpio.o
 .debug_loc     0x000000000000050e      0x108 ./lib/x6818/uart.o
 .debug_loc     0x0000000000000616      0x1a7 /usr/lib/gcc/arm-none-eabi/6.3.1/../../../arm-none-eabi/lib/thumb/v7-ar/libg_nano.a(lib_a-vsnprintf.o)
 .debug_loc     0x00000000000007bd      0x6a8 /usr/lib/gcc/arm-none-eabi/6.3.1/../../../arm-none-eabi/lib/thumb/v7-ar/libg_nano.a(lib_a-nano-svfprintf.o)
 .debug_loc     0x0000000000000e65      0x5e7 /usr/lib/gcc/arm-none-eabi/6.3.1/../../../arm-none-eabi/lib/thumb/v7-ar/libg_nano.a(lib_a-nano-vfprintf_i.o)
 .debug_loc     0x000000000000144c      0x202 /usr/lib/gcc/arm-none-eabi/6.3.1/../../../arm-none-eabi/lib/thumb/v7-ar/libg_nano.a(lib_a-memchr-stub.o)
 .debug_loc     0x000000000000164e      0x29c /usr/lib/gcc/arm-none-eabi/6.3.1/../../../arm-none-eabi/lib/thumb/v7-ar/libg_nano.a(lib_a-memmove.o)
 .debug_loc     0x00000000000018ea      0x110 /usr/lib/gcc/arm-none-eabi/6.3.1/../../../arm-none-eabi/lib/thumb/v7-ar/libg_nano.a(lib_a-nano-freer.o)
 .debug_loc     0x00000000000019fa      0x2f6 /usr/lib/gcc/arm-none-eabi/6.3.1/../../../arm-none-eabi/lib/thumb/v7-ar/libg_nano.a(lib_a-nano-mallocr.o)
 .debug_loc     0x0000000000001cf0      0x185 /usr/lib/gcc/arm-none-eabi/6.3.1/../../../arm-none-eabi/lib/thumb/v7-ar/libg_nano.a(lib_a-nano-reallocr.o)
 .debug_loc     0x0000000000001e75       0x3f /usr/lib/gcc/arm-none-eabi/6.3.1/../../../arm-none-eabi/lib/thumb/v7-ar/libg_nano.a(lib_a-sbrkr.o)
 .debug_loc     0x0000000000001eb4       0x78 /usr/lib/gcc/arm-none-eabi/6.3.1/../../../arm-none-eabi/lib/thumb/v7-ar/libg_nano.a(lib_a-nano-msizer.o)
 .debug_loc     0x0000000000001f2c       0xec /usr/lib/gcc/arm-none-eabi/6.3.1/../../../arm-none-eabi/lib/thumb/v7-ar/libg_nano.a(lib_a-reent.o)
 .debug_loc     0x0000000000002018     0x112a /usr/lib/gcc/arm-none-eabi/6.3.1/../../../arm-none-eabi/lib/thumb/v7-ar/librdimon_nano.a(rdimon-syscalls.o)
 .debug_loc     0x0000000000003142      0x2a6 /usr/lib/gcc/arm-none-eabi/6.3.1/../../../arm-none-eabi/lib/thumb/v7-ar/libc_nano.a(lib_a-findfp.o)
 .debug_loc     0x00000000000033e8      0x207 /usr/lib/gcc/arm-none-eabi/6.3.1/../../../arm-none-eabi/lib/thumb/v7-ar/libc_nano.a(lib_a-fwalk.o)
 .debug_loc     0x00000000000035ef      0x16c /usr/lib/gcc/arm-none-eabi/6.3.1/../../../arm-none-eabi/lib/thumb/v7-ar/libc_nano.a(lib_a-memset.o)
 .debug_loc     0x000000000000375b      0x2bf /usr/lib/gcc/arm-none-eabi/6.3.1/../../../arm-none-eabi/lib/thumb/v7-ar/libc_nano.a(lib_a-stdio.o)
 .debug_loc     0x0000000000003a1a       0x21 /usr/lib/gcc/arm-none-eabi/6.3.1/../../../arm-none-eabi/lib/thumb/v7-ar/libc_nano.a(lib_a-strlen-stub.o)
 .debug_loc     0x0000000000003a3b       0x94 /usr/lib/gcc/arm-none-eabi/6.3.1/../../../arm-none-eabi/lib/thumb/v7-ar/libc_nano.a(lib_a-writer.o)
 .debug_loc     0x0000000000003acf       0x3f /usr/lib/gcc/arm-none-eabi/6.3.1/../../../arm-none-eabi/lib/thumb/v7-ar/libc_nano.a(lib_a-closer.o)
 .debug_loc     0x0000000000003b0e      0x2bf /usr/lib/gcc/arm-none-eabi/6.3.1/../../../arm-none-eabi/lib/thumb/v7-ar/libc_nano.a(lib_a-fflush.o)
 .debug_loc     0x0000000000003dcd       0x94 /usr/lib/gcc/arm-none-eabi/6.3.1/../../../arm-none-eabi/lib/thumb/v7-ar/libc_nano.a(lib_a-lseekr.o)
 .debug_loc     0x0000000000003e61       0x94 /usr/lib/gcc/arm-none-eabi/6.3.1/../../../arm-none-eabi/lib/thumb/v7-ar/libc_nano.a(lib_a-readr.o)

.debug_aranges  0x0000000000000000      0x4c0
 .debug_aranges
                0x0000000000000000       0x30 ./src/main.o
 .debug_aranges
                0x0000000000000030       0x20 ./src/start.o
 .debug_aranges
                0x0000000000000050       0x40 ./lib/x6818/clkgen.o
 .debug_aranges
                0x0000000000000090       0x60 ./lib/x6818/clkpwr.o
 .debug_aranges
                0x00000000000000f0       0x40 ./lib/x6818/gpio.o
 .debug_aranges
                0x0000000000000130       0x38 ./lib/x6818/uart.o
 .debug_aranges
                0x0000000000000168       0x20 /usr/lib/gcc/arm-none-eabi/6.3.1/../../../arm-none-eabi/lib/thumb/v7-ar/libg_nano.a(lib_a-vsnprintf.o)
 .debug_aranges
                0x0000000000000188       0x18 /usr/lib/gcc/arm-none-eabi/6.3.1/../../../arm-none-eabi/lib/thumb/v7-ar/libg_nano.a(lib_a-impure.o)
 .debug_aranges
                0x00000000000001a0       0x20 /usr/lib/gcc/arm-none-eabi/6.3.1/../../../arm-none-eabi/lib/thumb/v7-ar/libg_nano.a(lib_a-nano-svfprintf.o)
 .debug_aranges
                0x00000000000001c0       0x20 /usr/lib/gcc/arm-none-eabi/6.3.1/../../../arm-none-eabi/lib/thumb/v7-ar/libg_nano.a(lib_a-nano-vfprintf_i.o)
 .debug_aranges
                0x00000000000001e0       0x20 /usr/lib/gcc/arm-none-eabi/6.3.1/../../../arm-none-eabi/lib/thumb/v7-ar/libg_nano.a(lib_a-memchr-stub.o)
 .debug_aranges
                0x0000000000000200       0x20 /usr/lib/gcc/arm-none-eabi/6.3.1/../../../arm-none-eabi/lib/thumb/v7-ar/libg_nano.a(lib_a-memcpy.o)
 .debug_aranges
                0x0000000000000220       0x20 /usr/lib/gcc/arm-none-eabi/6.3.1/../../../arm-none-eabi/lib/thumb/v7-ar/libg_nano.a(lib_a-memmove.o)
 .debug_aranges
                0x0000000000000240       0x20 /usr/lib/gcc/arm-none-eabi/6.3.1/../../../arm-none-eabi/lib/thumb/v7-ar/libg_nano.a(lib_a-nano-freer.o)
 .debug_aranges
                0x0000000000000260       0x20 /usr/lib/gcc/arm-none-eabi/6.3.1/../../../arm-none-eabi/lib/thumb/v7-ar/libg_nano.a(lib_a-nano-mallocr.o)
 .debug_aranges
                0x0000000000000280       0x20 /usr/lib/gcc/arm-none-eabi/6.3.1/../../../arm-none-eabi/lib/thumb/v7-ar/libg_nano.a(lib_a-nano-reallocr.o)
 .debug_aranges
                0x00000000000002a0       0x20 /usr/lib/gcc/arm-none-eabi/6.3.1/../../../arm-none-eabi/lib/thumb/v7-ar/libg_nano.a(lib_a-sbrkr.o)
 .debug_aranges
                0x00000000000002c0       0x20 /usr/lib/gcc/arm-none-eabi/6.3.1/../../../arm-none-eabi/lib/thumb/v7-ar/libg_nano.a(lib_a-nano-msizer.o)
 .debug_aranges
                0x00000000000002e0       0x20 /usr/lib/gcc/arm-none-eabi/6.3.1/../../../arm-none-eabi/lib/thumb/v7-ar/libg_nano.a(lib_a-reent.o)
 .debug_aranges
                0x0000000000000300       0x20 /usr/lib/gcc/arm-none-eabi/6.3.1/thumb/v7-ar/libgcc.a(_udivsi3.o)
 .debug_aranges
                0x0000000000000320       0x20 /usr/lib/gcc/arm-none-eabi/6.3.1/thumb/v7-ar/libgcc.a(_dvmd_tls.o)
 .debug_aranges
                0x0000000000000340       0x20 /usr/lib/gcc/arm-none-eabi/6.3.1/../../../arm-none-eabi/lib/thumb/v7-ar/librdimon_nano.a(rdimon-syscalls.o)
 .debug_aranges
                0x0000000000000360       0x20 /usr/lib/gcc/arm-none-eabi/6.3.1/../../../arm-none-eabi/lib/thumb/v7-ar/libc_nano.a(lib_a-errno.o)
 .debug_aranges
                0x0000000000000380       0x20 /usr/lib/gcc/arm-none-eabi/6.3.1/../../../arm-none-eabi/lib/thumb/v7-ar/libc_nano.a(lib_a-findfp.o)
 .debug_aranges
                0x00000000000003a0       0x20 /usr/lib/gcc/arm-none-eabi/6.3.1/../../../arm-none-eabi/lib/thumb/v7-ar/libc_nano.a(lib_a-fwalk.o)
 .debug_aranges
                0x00000000000003c0       0x20 /usr/lib/gcc/arm-none-eabi/6.3.1/../../../arm-none-eabi/lib/thumb/v7-ar/libc_nano.a(lib_a-memset.o)
 .debug_aranges
                0x00000000000003e0       0x20 /usr/lib/gcc/arm-none-eabi/6.3.1/../../../arm-none-eabi/lib/thumb/v7-ar/libc_nano.a(lib_a-stdio.o)
 .debug_aranges
                0x0000000000000400       0x20 /usr/lib/gcc/arm-none-eabi/6.3.1/../../../arm-none-eabi/lib/thumb/v7-ar/libc_nano.a(lib_a-strlen-stub.o)
 .debug_aranges
                0x0000000000000420       0x20 /usr/lib/gcc/arm-none-eabi/6.3.1/../../../arm-none-eabi/lib/thumb/v7-ar/libc_nano.a(lib_a-writer.o)
 .debug_aranges
                0x0000000000000440       0x20 /usr/lib/gcc/arm-none-eabi/6.3.1/../../../arm-none-eabi/lib/thumb/v7-ar/libc_nano.a(lib_a-closer.o)
 .debug_aranges
                0x0000000000000460       0x20 /usr/lib/gcc/arm-none-eabi/6.3.1/../../../arm-none-eabi/lib/thumb/v7-ar/libc_nano.a(lib_a-fflush.o)
 .debug_aranges
                0x0000000000000480       0x20 /usr/lib/gcc/arm-none-eabi/6.3.1/../../../arm-none-eabi/lib/thumb/v7-ar/libc_nano.a(lib_a-lseekr.o)
 .debug_aranges
                0x00000000000004a0       0x20 /usr/lib/gcc/arm-none-eabi/6.3.1/../../../arm-none-eabi/lib/thumb/v7-ar/libc_nano.a(lib_a-readr.o)

.debug_ranges   0x0000000000000000      0x7f8
 .debug_ranges  0x0000000000000000       0x20 ./src/main.o
 .debug_ranges  0x0000000000000020       0x30 ./lib/x6818/clkgen.o
 .debug_ranges  0x0000000000000050       0x98 ./lib/x6818/clkpwr.o
 .debug_ranges  0x00000000000000e8       0x30 ./lib/x6818/gpio.o
 .debug_ranges  0x0000000000000118       0x40 ./lib/x6818/uart.o
 .debug_ranges  0x0000000000000158       0x38 /usr/lib/gcc/arm-none-eabi/6.3.1/../../../arm-none-eabi/lib/thumb/v7-ar/libg_nano.a(lib_a-nano-svfprintf.o)
 .debug_ranges  0x0000000000000190       0xa0 /usr/lib/gcc/arm-none-eabi/6.3.1/../../../arm-none-eabi/lib/thumb/v7-ar/libg_nano.a(lib_a-nano-vfprintf_i.o)
 .debug_ranges  0x0000000000000230       0x40 /usr/lib/gcc/arm-none-eabi/6.3.1/../../../arm-none-eabi/lib/thumb/v7-ar/libg_nano.a(lib_a-nano-mallocr.o)
 .debug_ranges  0x0000000000000270      0x3d8 /usr/lib/gcc/arm-none-eabi/6.3.1/../../../arm-none-eabi/lib/thumb/v7-ar/librdimon_nano.a(rdimon-syscalls.o)
 .debug_ranges  0x0000000000000648       0xd0 /usr/lib/gcc/arm-none-eabi/6.3.1/../../../arm-none-eabi/lib/thumb/v7-ar/libc_nano.a(lib_a-findfp.o)
 .debug_ranges  0x0000000000000718       0x10 /usr/lib/gcc/arm-none-eabi/6.3.1/../../../arm-none-eabi/lib/thumb/v7-ar/libc_nano.a(lib_a-strlen-stub.o)
 .debug_ranges  0x0000000000000728       0x28 /usr/lib/gcc/arm-none-eabi/6.3.1/../../../arm-none-eabi/lib/thumb/v7-ar/libc_nano.a(lib_a-writer.o)
 .debug_ranges  0x0000000000000750       0x20 /usr/lib/gcc/arm-none-eabi/6.3.1/../../../arm-none-eabi/lib/thumb/v7-ar/libc_nano.a(lib_a-closer.o)
 .debug_ranges  0x0000000000000770       0x38 /usr/lib/gcc/arm-none-eabi/6.3.1/../../../arm-none-eabi/lib/thumb/v7-ar/libc_nano.a(lib_a-fflush.o)
 .debug_ranges  0x00000000000007a8       0x28 /usr/lib/gcc/arm-none-eabi/6.3.1/../../../arm-none-eabi/lib/thumb/v7-ar/libc_nano.a(lib_a-lseekr.o)
 .debug_ranges  0x00000000000007d0       0x28 /usr/lib/gcc/arm-none-eabi/6.3.1/../../../arm-none-eabi/lib/thumb/v7-ar/libc_nano.a(lib_a-readr.o)

.debug_line     0x0000000000000000     0x3725
 .debug_line    0x0000000000000000      0x16e ./src/main.o
 .debug_line    0x000000000000016e       0x83 ./src/start.o
 .debug_line    0x00000000000001f1      0x151 ./lib/x6818/clkgen.o
 .debug_line    0x0000000000000342      0x1d0 ./lib/x6818/clkpwr.o
 .debug_line    0x0000000000000512      0x13a ./lib/x6818/gpio.o
 .debug_line    0x000000000000064c      0x22d ./lib/x6818/uart.o
 .debug_line    0x0000000000000879      0x1cb /usr/lib/gcc/arm-none-eabi/6.3.1/../../../arm-none-eabi/lib/thumb/v7-ar/libg_nano.a(lib_a-vsnprintf.o)
 .debug_line    0x0000000000000a44       0xe9 /usr/lib/gcc/arm-none-eabi/6.3.1/../../../arm-none-eabi/lib/thumb/v7-ar/libg_nano.a(lib_a-impure.o)
 .debug_line    0x0000000000000b2d      0x391 /usr/lib/gcc/arm-none-eabi/6.3.1/../../../arm-none-eabi/lib/thumb/v7-ar/libg_nano.a(lib_a-nano-svfprintf.o)
 .debug_line    0x0000000000000ebe      0x3a9 /usr/lib/gcc/arm-none-eabi/6.3.1/../../../arm-none-eabi/lib/thumb/v7-ar/libg_nano.a(lib_a-nano-vfprintf_i.o)
 .debug_line    0x0000000000001267      0x186 /usr/lib/gcc/arm-none-eabi/6.3.1/../../../arm-none-eabi/lib/thumb/v7-ar/libg_nano.a(lib_a-memchr-stub.o)
 .debug_line    0x00000000000013ed       0xbe /usr/lib/gcc/arm-none-eabi/6.3.1/../../../arm-none-eabi/lib/thumb/v7-ar/libg_nano.a(lib_a-memcpy.o)
 .debug_line    0x00000000000014ab      0x184 /usr/lib/gcc/arm-none-eabi/6.3.1/../../../arm-none-eabi/lib/thumb/v7-ar/libg_nano.a(lib_a-memmove.o)
 .debug_line    0x000000000000162f      0x159 /usr/lib/gcc/arm-none-eabi/6.3.1/../../../arm-none-eabi/lib/thumb/v7-ar/libg_nano.a(lib_a-nano-freer.o)
 .debug_line    0x0000000000001788      0x19b /usr/lib/gcc/arm-none-eabi/6.3.1/../../../arm-none-eabi/lib/thumb/v7-ar/libg_nano.a(lib_a-nano-mallocr.o)
 .debug_line    0x0000000000001923      0x17b /usr/lib/gcc/arm-none-eabi/6.3.1/../../../arm-none-eabi/lib/thumb/v7-ar/libg_nano.a(lib_a-nano-reallocr.o)
 .debug_line    0x0000000000001a9e      0x15a /usr/lib/gcc/arm-none-eabi/6.3.1/../../../arm-none-eabi/lib/thumb/v7-ar/libg_nano.a(lib_a-sbrkr.o)
 .debug_line    0x0000000000001bf8      0x10f /usr/lib/gcc/arm-none-eabi/6.3.1/../../../arm-none-eabi/lib/thumb/v7-ar/libg_nano.a(lib_a-nano-msizer.o)
 .debug_line    0x0000000000001d07      0x17c /usr/lib/gcc/arm-none-eabi/6.3.1/../../../arm-none-eabi/lib/thumb/v7-ar/libg_nano.a(lib_a-reent.o)
 .debug_line    0x0000000000001e83       0x80 /usr/lib/gcc/arm-none-eabi/6.3.1/thumb/v7-ar/libgcc.a(_udivsi3.o)
 .debug_line    0x0000000000001f03       0x61 /usr/lib/gcc/arm-none-eabi/6.3.1/thumb/v7-ar/libgcc.a(_dvmd_tls.o)
 .debug_line    0x0000000000001f64      0x62b /usr/lib/gcc/arm-none-eabi/6.3.1/../../../arm-none-eabi/lib/thumb/v7-ar/librdimon_nano.a(rdimon-syscalls.o)
 .debug_line    0x000000000000258f      0x104 /usr/lib/gcc/arm-none-eabi/6.3.1/../../../arm-none-eabi/lib/thumb/v7-ar/libc_nano.a(lib_a-errno.o)
 .debug_line    0x0000000000002693      0x2b0 /usr/lib/gcc/arm-none-eabi/6.3.1/../../../arm-none-eabi/lib/thumb/v7-ar/libc_nano.a(lib_a-findfp.o)
 .debug_line    0x0000000000002943      0x1c4 /usr/lib/gcc/arm-none-eabi/6.3.1/../../../arm-none-eabi/lib/thumb/v7-ar/libc_nano.a(lib_a-fwalk.o)
 .debug_line    0x0000000000002b07      0x172 /usr/lib/gcc/arm-none-eabi/6.3.1/../../../arm-none-eabi/lib/thumb/v7-ar/libc_nano.a(lib_a-memset.o)
 .debug_line    0x0000000000002c79      0x1b5 /usr/lib/gcc/arm-none-eabi/6.3.1/../../../arm-none-eabi/lib/thumb/v7-ar/libc_nano.a(lib_a-stdio.o)
 .debug_line    0x0000000000002e2e      0x152 /usr/lib/gcc/arm-none-eabi/6.3.1/../../../arm-none-eabi/lib/thumb/v7-ar/libc_nano.a(lib_a-strlen-stub.o)
 .debug_line    0x0000000000002f80      0x15d /usr/lib/gcc/arm-none-eabi/6.3.1/../../../arm-none-eabi/lib/thumb/v7-ar/libc_nano.a(lib_a-writer.o)
 .debug_line    0x00000000000030dd      0x15b /usr/lib/gcc/arm-none-eabi/6.3.1/../../../arm-none-eabi/lib/thumb/v7-ar/libc_nano.a(lib_a-closer.o)
 .debug_line    0x0000000000003238      0x234 /usr/lib/gcc/arm-none-eabi/6.3.1/../../../arm-none-eabi/lib/thumb/v7-ar/libc_nano.a(lib_a-fflush.o)
 .debug_line    0x000000000000346c      0x15d /usr/lib/gcc/arm-none-eabi/6.3.1/../../../arm-none-eabi/lib/thumb/v7-ar/libc_nano.a(lib_a-lseekr.o)
 .debug_line    0x00000000000035c9      0x15c /usr/lib/gcc/arm-none-eabi/6.3.1/../../../arm-none-eabi/lib/thumb/v7-ar/libc_nano.a(lib_a-readr.o)

.debug_str      0x0000000000000000     0x23e2
 .debug_str     0x0000000000000000      0x4e2 ./src/main.o
                                        0x5ab (size before relaxing)
 .debug_str     0x00000000000004e2      0x2d1 ./lib/x6818/clkgen.o
                                        0x44e (size before relaxing)
 .debug_str     0x00000000000007b3      0x7ac ./lib/x6818/clkpwr.o
                                        0x9e0 (size before relaxing)
 .debug_str     0x0000000000000f5f      0x146 ./lib/x6818/gpio.o
                                        0x2c7 (size before relaxing)
 .debug_str     0x00000000000010a5      0x12e ./lib/x6818/uart.o
                                        0x8bc (size before relaxing)
 .debug_str     0x00000000000011d3      0x2be /usr/lib/gcc/arm-none-eabi/6.3.1/../../../arm-none-eabi/lib/thumb/v7-ar/libg_nano.a(lib_a-vsnprintf.o)
                                        0x747 (size before relaxing)
 .debug_str     0x0000000000001491       0x9e /usr/lib/gcc/arm-none-eabi/6.3.1/../../../arm-none-eabi/lib/thumb/v7-ar/libg_nano.a(lib_a-impure.o)
                                        0x5a3 (size before relaxing)
 .debug_str     0x000000000000152f      0x232 /usr/lib/gcc/arm-none-eabi/6.3.1/../../../arm-none-eabi/lib/thumb/v7-ar/libg_nano.a(lib_a-nano-svfprintf.o)
                                        0x912 (size before relaxing)
 .debug_str     0x0000000000001761       0x91 /usr/lib/gcc/arm-none-eabi/6.3.1/../../../arm-none-eabi/lib/thumb/v7-ar/libg_nano.a(lib_a-nano-vfprintf_i.o)
                                        0x8b1 (size before relaxing)
 .debug_str     0x00000000000017f2       0xc0 /usr/lib/gcc/arm-none-eabi/6.3.1/../../../arm-none-eabi/lib/thumb/v7-ar/libg_nano.a(lib_a-memchr-stub.o)
                                        0x5d3 (size before relaxing)
 .debug_str     0x00000000000018b2       0xb6 /usr/lib/gcc/arm-none-eabi/6.3.1/../../../arm-none-eabi/lib/thumb/v7-ar/libg_nano.a(lib_a-memmove.o)
                                        0x5da (size before relaxing)
 .debug_str     0x0000000000001968      0x162 /usr/lib/gcc/arm-none-eabi/6.3.1/../../../arm-none-eabi/lib/thumb/v7-ar/libg_nano.a(lib_a-nano-freer.o)
                                        0x6b5 (size before relaxing)
 .debug_str     0x0000000000001aca       0x32 /usr/lib/gcc/arm-none-eabi/6.3.1/../../../arm-none-eabi/lib/thumb/v7-ar/libg_nano.a(lib_a-nano-mallocr.o)
                                        0x6cc (size before relaxing)
 .debug_str     0x0000000000001afc       0x23 /usr/lib/gcc/arm-none-eabi/6.3.1/../../../arm-none-eabi/lib/thumb/v7-ar/libg_nano.a(lib_a-nano-reallocr.o)
                                        0x6d0 (size before relaxing)
 .debug_str     0x0000000000001b1f       0x44 /usr/lib/gcc/arm-none-eabi/6.3.1/../../../arm-none-eabi/lib/thumb/v7-ar/libg_nano.a(lib_a-sbrkr.o)
                                        0x5e6 (size before relaxing)
 .debug_str     0x0000000000001b63        0xf /usr/lib/gcc/arm-none-eabi/6.3.1/../../../arm-none-eabi/lib/thumb/v7-ar/libg_nano.a(lib_a-nano-msizer.o)
                                        0x6ae (size before relaxing)
 .debug_str     0x0000000000001b72       0x5b /usr/lib/gcc/arm-none-eabi/6.3.1/../../../arm-none-eabi/lib/thumb/v7-ar/libg_nano.a(lib_a-reent.o)
                                        0x5df (size before relaxing)
 .debug_str     0x0000000000001bcd      0x3e8 /usr/lib/gcc/arm-none-eabi/6.3.1/../../../arm-none-eabi/lib/thumb/v7-ar/librdimon_nano.a(rdimon-syscalls.o)
                                        0x97a (size before relaxing)
 .debug_str     0x0000000000001fb5       0x91 /usr/lib/gcc/arm-none-eabi/6.3.1/../../../arm-none-eabi/lib/thumb/v7-ar/libc_nano.a(lib_a-errno.o)
                                        0x5b5 (size before relaxing)
 .debug_str     0x0000000000002046      0x120 /usr/lib/gcc/arm-none-eabi/6.3.1/../../../arm-none-eabi/lib/thumb/v7-ar/libc_nano.a(lib_a-findfp.o)
                                        0x831 (size before relaxing)
 .debug_str     0x0000000000002166       0x3e /usr/lib/gcc/arm-none-eabi/6.3.1/../../../arm-none-eabi/lib/thumb/v7-ar/libc_nano.a(lib_a-fwalk.o)
                                        0x719 (size before relaxing)
 .debug_str     0x00000000000021a4       0x45 /usr/lib/gcc/arm-none-eabi/6.3.1/../../../arm-none-eabi/lib/thumb/v7-ar/libc_nano.a(lib_a-memset.o)
                                        0x5bb (size before relaxing)
 .debug_str     0x00000000000021e9       0x8f /usr/lib/gcc/arm-none-eabi/6.3.1/../../../arm-none-eabi/lib/thumb/v7-ar/libc_nano.a(lib_a-stdio.o)
                                        0x76d (size before relaxing)
 .debug_str     0x0000000000002278       0x3e /usr/lib/gcc/arm-none-eabi/6.3.1/../../../arm-none-eabi/lib/thumb/v7-ar/libc_nano.a(lib_a-strlen-stub.o)
                                        0x5b9 (size before relaxing)
 .debug_str     0x00000000000022b6       0x30 /usr/lib/gcc/arm-none-eabi/6.3.1/../../../arm-none-eabi/lib/thumb/v7-ar/libc_nano.a(lib_a-writer.o)
                                        0x5e3 (size before relaxing)
 .debug_str     0x00000000000022e6       0x30 /usr/lib/gcc/arm-none-eabi/6.3.1/../../../arm-none-eabi/lib/thumb/v7-ar/libc_nano.a(lib_a-closer.o)
                                        0x5d3 (size before relaxing)
 .debug_str     0x0000000000002316       0x6d /usr/lib/gcc/arm-none-eabi/6.3.1/../../../arm-none-eabi/lib/thumb/v7-ar/libc_nano.a(lib_a-fflush.o)
                                        0x755 (size before relaxing)
 .debug_str     0x0000000000002383       0x30 /usr/lib/gcc/arm-none-eabi/6.3.1/../../../arm-none-eabi/lib/thumb/v7-ar/libc_nano.a(lib_a-lseekr.o)
                                        0x5e1 (size before relaxing)
 .debug_str     0x00000000000023b3       0x2f /usr/lib/gcc/arm-none-eabi/6.3.1/../../../arm-none-eabi/lib/thumb/v7-ar/libc_nano.a(lib_a-readr.o)
                                        0x5e1 (size before relaxing)

.comment        0x0000000000000000       0x56
 .comment       0x0000000000000000       0x2b ./src/main.o
                                         0x2c (size before relaxing)
 .comment       0x000000000000002b       0x2c ./lib/x6818/clkgen.o
 .comment       0x000000000000002b       0x2c ./lib/x6818/clkpwr.o
 .comment       0x000000000000002b       0x2c ./lib/x6818/gpio.o
 .comment       0x000000000000002b       0x2c ./lib/x6818/uart.o
 .comment       0x000000000000002b       0x2b /usr/lib/gcc/arm-none-eabi/6.3.1/../../../arm-none-eabi/lib/thumb/v7-ar/libg_nano.a(lib_a-vsnprintf.o)
                                         0x2c (size before relaxing)
 .comment       0x0000000000000056       0x2c /usr/lib/gcc/arm-none-eabi/6.3.1/../../../arm-none-eabi/lib/thumb/v7-ar/libg_nano.a(lib_a-impure.o)
 .comment       0x0000000000000056       0x2c /usr/lib/gcc/arm-none-eabi/6.3.1/../../../arm-none-eabi/lib/thumb/v7-ar/libg_nano.a(lib_a-nano-svfprintf.o)
 .comment       0x0000000000000056       0x2c /usr/lib/gcc/arm-none-eabi/6.3.1/../../../arm-none-eabi/lib/thumb/v7-ar/libg_nano.a(lib_a-nano-vfprintf_i.o)
 .comment       0x0000000000000056       0x2c /usr/lib/gcc/arm-none-eabi/6.3.1/../../../arm-none-eabi/lib/thumb/v7-ar/libg_nano.a(lib_a-memchr-stub.o)
 .comment       0x0000000000000056       0x2c /usr/lib/gcc/arm-none-eabi/6.3.1/../../../arm-none-eabi/lib/thumb/v7-ar/libg_nano.a(lib_a-memmove.o)
 .comment       0x0000000000000056       0x2c /usr/lib/gcc/arm-none-eabi/6.3.1/../../../arm-none-eabi/lib/thumb/v7-ar/libg_nano.a(lib_a-nano-freer.o)
 .comment       0x0000000000000056       0x2c /usr/lib/gcc/arm-none-eabi/6.3.1/../../../arm-none-eabi/lib/thumb/v7-ar/libg_nano.a(lib_a-nano-mallocr.o)
 .comment       0x0000000000000056       0x2c /usr/lib/gcc/arm-none-eabi/6.3.1/../../../arm-none-eabi/lib/thumb/v7-ar/libg_nano.a(lib_a-nano-reallocr.o)
 .comment       0x0000000000000056       0x2c /usr/lib/gcc/arm-none-eabi/6.3.1/../../../arm-none-eabi/lib/thumb/v7-ar/libg_nano.a(lib_a-sbrkr.o)
 .comment       0x0000000000000056       0x2c /usr/lib/gcc/arm-none-eabi/6.3.1/../../../arm-none-eabi/lib/thumb/v7-ar/libg_nano.a(lib_a-nano-msizer.o)
 .comment       0x0000000000000056       0x2c /usr/lib/gcc/arm-none-eabi/6.3.1/../../../arm-none-eabi/lib/thumb/v7-ar/libg_nano.a(lib_a-reent.o)
 .comment       0x0000000000000056       0x2c /usr/lib/gcc/arm-none-eabi/6.3.1/../../../arm-none-eabi/lib/thumb/v7-ar/librdimon_nano.a(rdimon-syscalls.o)
 .comment       0x0000000000000056       0x2c /usr/lib/gcc/arm-none-eabi/6.3.1/../../../arm-none-eabi/lib/thumb/v7-ar/libc_nano.a(lib_a-errno.o)
 .comment       0x0000000000000056       0x2c /usr/lib/gcc/arm-none-eabi/6.3.1/../../../arm-none-eabi/lib/thumb/v7-ar/libc_nano.a(lib_a-findfp.o)
 .comment       0x0000000000000056       0x2c /usr/lib/gcc/arm-none-eabi/6.3.1/../../../arm-none-eabi/lib/thumb/v7-ar/libc_nano.a(lib_a-fwalk.o)
 .comment       0x0000000000000056       0x2c /usr/lib/gcc/arm-none-eabi/6.3.1/../../../arm-none-eabi/lib/thumb/v7-ar/libc_nano.a(lib_a-memset.o)
 .comment       0x0000000000000056       0x2c /usr/lib/gcc/arm-none-eabi/6.3.1/../../../arm-none-eabi/lib/thumb/v7-ar/libc_nano.a(lib_a-stdio.o)
 .comment       0x0000000000000056       0x2c /usr/lib/gcc/arm-none-eabi/6.3.1/../../../arm-none-eabi/lib/thumb/v7-ar/libc_nano.a(lib_a-strlen-stub.o)
 .comment       0x0000000000000056       0x2c /usr/lib/gcc/arm-none-eabi/6.3.1/../../../arm-none-eabi/lib/thumb/v7-ar/libc_nano.a(lib_a-writer.o)
 .comment       0x0000000000000056       0x2c /usr/lib/gcc/arm-none-eabi/6.3.1/../../../arm-none-eabi/lib/thumb/v7-ar/libc_nano.a(lib_a-closer.o)
 .comment       0x0000000000000056       0x2c /usr/lib/gcc/arm-none-eabi/6.3.1/../../../arm-none-eabi/lib/thumb/v7-ar/libc_nano.a(lib_a-fflush.o)
 .comment       0x0000000000000056       0x2c /usr/lib/gcc/arm-none-eabi/6.3.1/../../../arm-none-eabi/lib/thumb/v7-ar/libc_nano.a(lib_a-lseekr.o)
 .comment       0x0000000000000056       0x2c /usr/lib/gcc/arm-none-eabi/6.3.1/../../../arm-none-eabi/lib/thumb/v7-ar/libc_nano.a(lib_a-readr.o)

.ARM.attributes
                0x0000000000000000       0x38
 .ARM.attributes
                0x0000000000000000       0x3a ./src/main.o
 .ARM.attributes
                0x000000000000003a       0x28 ./src/start.o
 .ARM.attributes
                0x0000000000000062       0x3a ./lib/x6818/clkgen.o
 .ARM.attributes
                0x000000000000009c       0x3a ./lib/x6818/clkpwr.o
 .ARM.attributes
                0x00000000000000d6       0x3a ./lib/x6818/gpio.o
 .ARM.attributes
                0x0000000000000110       0x3a ./lib/x6818/uart.o
 .ARM.attributes
                0x000000000000014a       0x29 /usr/lib/gcc/arm-none-eabi/6.3.1/../../../arm-none-eabi/lib/thumb/v7-ar/libg_nano.a(lib_a-vsnprintf.o)
 .ARM.attributes
                0x0000000000000173       0x29 /usr/lib/gcc/arm-none-eabi/6.3.1/../../../arm-none-eabi/lib/thumb/v7-ar/libg_nano.a(lib_a-impure.o)
 .ARM.attributes
                0x000000000000019c       0x29 /usr/lib/gcc/arm-none-eabi/6.3.1/../../../arm-none-eabi/lib/thumb/v7-ar/libg_nano.a(lib_a-nano-svfprintf.o)
 .ARM.attributes
                0x00000000000001c5       0x29 /usr/lib/gcc/arm-none-eabi/6.3.1/../../../arm-none-eabi/lib/thumb/v7-ar/libg_nano.a(lib_a-nano-vfprintf_i.o)
 .ARM.attributes
                0x00000000000001ee       0x29 /usr/lib/gcc/arm-none-eabi/6.3.1/../../../arm-none-eabi/lib/thumb/v7-ar/libg_nano.a(lib_a-memchr-stub.o)
 .ARM.attributes
                0x0000000000000217       0x17 /usr/lib/gcc/arm-none-eabi/6.3.1/../../../arm-none-eabi/lib/thumb/v7-ar/libg_nano.a(lib_a-memcpy.o)
 .ARM.attributes
                0x000000000000022e       0x29 /usr/lib/gcc/arm-none-eabi/6.3.1/../../../arm-none-eabi/lib/thumb/v7-ar/libg_nano.a(lib_a-memmove.o)
 .ARM.attributes
                0x0000000000000257       0x29 /usr/lib/gcc/arm-none-eabi/6.3.1/../../../arm-none-eabi/lib/thumb/v7-ar/libg_nano.a(lib_a-nano-freer.o)
 .ARM.attributes
                0x0000000000000280       0x29 /usr/lib/gcc/arm-none-eabi/6.3.1/../../../arm-none-eabi/lib/thumb/v7-ar/libg_nano.a(lib_a-nano-mallocr.o)
 .ARM.attributes
                0x00000000000002a9       0x29 /usr/lib/gcc/arm-none-eabi/6.3.1/../../../arm-none-eabi/lib/thumb/v7-ar/libg_nano.a(lib_a-nano-reallocr.o)
 .ARM.attributes
                0x00000000000002d2       0x29 /usr/lib/gcc/arm-none-eabi/6.3.1/../../../arm-none-eabi/lib/thumb/v7-ar/libg_nano.a(lib_a-sbrkr.o)
 .ARM.attributes
                0x00000000000002fb       0x29 /usr/lib/gcc/arm-none-eabi/6.3.1/../../../arm-none-eabi/lib/thumb/v7-ar/libg_nano.a(lib_a-nano-msizer.o)
 .ARM.attributes
                0x0000000000000324       0x29 /usr/lib/gcc/arm-none-eabi/6.3.1/../../../arm-none-eabi/lib/thumb/v7-ar/libg_nano.a(lib_a-reent.o)
 .ARM.attributes
                0x000000000000034d       0x19 /usr/lib/gcc/arm-none-eabi/6.3.1/thumb/v7-ar/libgcc.a(_udivsi3.o)
 .ARM.attributes
                0x0000000000000366       0x19 /usr/lib/gcc/arm-none-eabi/6.3.1/thumb/v7-ar/libgcc.a(_dvmd_tls.o)
 .ARM.attributes
                0x000000000000037f       0x29 /usr/lib/gcc/arm-none-eabi/6.3.1/../../../arm-none-eabi/lib/thumb/v7-ar/librdimon_nano.a(rdimon-syscalls.o)
 .ARM.attributes
                0x00000000000003a8       0x29 /usr/lib/gcc/arm-none-eabi/6.3.1/../../../arm-none-eabi/lib/thumb/v7-ar/libc_nano.a(lib_a-errno.o)
 .ARM.attributes
                0x00000000000003d1       0x29 /usr/lib/gcc/arm-none-eabi/6.3.1/../../../arm-none-eabi/lib/thumb/v7-ar/libc_nano.a(lib_a-findfp.o)
 .ARM.attributes
                0x00000000000003fa       0x29 /usr/lib/gcc/arm-none-eabi/6.3.1/../../../arm-none-eabi/lib/thumb/v7-ar/libc_nano.a(lib_a-fwalk.o)
 .ARM.attributes
                0x0000000000000423       0x29 /usr/lib/gcc/arm-none-eabi/6.3.1/../../../arm-none-eabi/lib/thumb/v7-ar/libc_nano.a(lib_a-memset.o)
 .ARM.attributes
                0x000000000000044c       0x29 /usr/lib/gcc/arm-none-eabi/6.3.1/../../../arm-none-eabi/lib/thumb/v7-ar/libc_nano.a(lib_a-stdio.o)
 .ARM.attributes
                0x0000000000000475       0x29 /usr/lib/gcc/arm-none-eabi/6.3.1/../../../arm-none-eabi/lib/thumb/v7-ar/libc_nano.a(lib_a-strlen-stub.o)
 .ARM.attributes
                0x000000000000049e       0x29 /usr/lib/gcc/arm-none-eabi/6.3.1/../../../arm-none-eabi/lib/thumb/v7-ar/libc_nano.a(lib_a-writer.o)
 .ARM.attributes
                0x00000000000004c7       0x29 /usr/lib/gcc/arm-none-eabi/6.3.1/../../../arm-none-eabi/lib/thumb/v7-ar/libc_nano.a(lib_a-closer.o)
 .ARM.attributes
                0x00000000000004f0       0x29 /usr/lib/gcc/arm-none-eabi/6.3.1/../../../arm-none-eabi/lib/thumb/v7-ar/libc_nano.a(lib_a-fflush.o)
 .ARM.attributes
                0x0000000000000519       0x29 /usr/lib/gcc/arm-none-eabi/6.3.1/../../../arm-none-eabi/lib/thumb/v7-ar/libc_nano.a(lib_a-lseekr.o)
 .ARM.attributes
                0x0000000000000542       0x29 /usr/lib/gcc/arm-none-eabi/6.3.1/../../../arm-none-eabi/lib/thumb/v7-ar/libc_nano.a(lib_a-readr.o)

.debug_frame    0x0000000000000000      0xd10
 .debug_frame   0x0000000000000000       0x4c ./src/main.o
 .debug_frame   0x000000000000004c       0x7c ./lib/x6818/clkgen.o
 .debug_frame   0x00000000000000c8      0x100 ./lib/x6818/clkpwr.o
 .debug_frame   0x00000000000001c8       0x60 ./lib/x6818/gpio.o
 .debug_frame   0x0000000000000228       0x98 ./lib/x6818/uart.o
 .debug_frame   0x00000000000002c0       0x5c /usr/lib/gcc/arm-none-eabi/6.3.1/../../../arm-none-eabi/lib/thumb/v7-ar/libg_nano.a(lib_a-vsnprintf.o)
 .debug_frame   0x000000000000031c       0x98 /usr/lib/gcc/arm-none-eabi/6.3.1/../../../arm-none-eabi/lib/thumb/v7-ar/libg_nano.a(lib_a-nano-svfprintf.o)
 .debug_frame   0x00000000000003b4       0x6c /usr/lib/gcc/arm-none-eabi/6.3.1/../../../arm-none-eabi/lib/thumb/v7-ar/libg_nano.a(lib_a-nano-vfprintf_i.o)
 .debug_frame   0x0000000000000420       0x34 /usr/lib/gcc/arm-none-eabi/6.3.1/../../../arm-none-eabi/lib/thumb/v7-ar/libg_nano.a(lib_a-memchr-stub.o)
 .debug_frame   0x0000000000000454       0x30 /usr/lib/gcc/arm-none-eabi/6.3.1/../../../arm-none-eabi/lib/thumb/v7-ar/libg_nano.a(lib_a-memmove.o)
 .debug_frame   0x0000000000000484       0x40 /usr/lib/gcc/arm-none-eabi/6.3.1/../../../arm-none-eabi/lib/thumb/v7-ar/libg_nano.a(lib_a-nano-freer.o)
 .debug_frame   0x00000000000004c4       0x2c /usr/lib/gcc/arm-none-eabi/6.3.1/../../../arm-none-eabi/lib/thumb/v7-ar/libg_nano.a(lib_a-nano-mallocr.o)
 .debug_frame   0x00000000000004f0       0x38 /usr/lib/gcc/arm-none-eabi/6.3.1/../../../arm-none-eabi/lib/thumb/v7-ar/libg_nano.a(lib_a-nano-reallocr.o)
 .debug_frame   0x0000000000000528       0x2c /usr/lib/gcc/arm-none-eabi/6.3.1/../../../arm-none-eabi/lib/thumb/v7-ar/libg_nano.a(lib_a-sbrkr.o)
 .debug_frame   0x0000000000000554       0x20 /usr/lib/gcc/arm-none-eabi/6.3.1/../../../arm-none-eabi/lib/thumb/v7-ar/libg_nano.a(lib_a-nano-msizer.o)
 .debug_frame   0x0000000000000574       0x64 /usr/lib/gcc/arm-none-eabi/6.3.1/../../../arm-none-eabi/lib/thumb/v7-ar/libg_nano.a(lib_a-reent.o)
 .debug_frame   0x00000000000005d8       0x20 /usr/lib/gcc/arm-none-eabi/6.3.1/thumb/v7-ar/libgcc.a(_udivsi3.o)
 .debug_frame   0x00000000000005f8      0x384 /usr/lib/gcc/arm-none-eabi/6.3.1/../../../arm-none-eabi/lib/thumb/v7-ar/librdimon_nano.a(rdimon-syscalls.o)
 .debug_frame   0x000000000000097c       0x20 /usr/lib/gcc/arm-none-eabi/6.3.1/../../../arm-none-eabi/lib/thumb/v7-ar/libc_nano.a(lib_a-errno.o)
 .debug_frame   0x000000000000099c      0x120 /usr/lib/gcc/arm-none-eabi/6.3.1/../../../arm-none-eabi/lib/thumb/v7-ar/libc_nano.a(lib_a-findfp.o)
 .debug_frame   0x0000000000000abc       0x54 /usr/lib/gcc/arm-none-eabi/6.3.1/../../../arm-none-eabi/lib/thumb/v7-ar/libc_nano.a(lib_a-fwalk.o)
 .debug_frame   0x0000000000000b10       0x38 /usr/lib/gcc/arm-none-eabi/6.3.1/../../../arm-none-eabi/lib/thumb/v7-ar/libc_nano.a(lib_a-memset.o)
 .debug_frame   0x0000000000000b48       0x88 /usr/lib/gcc/arm-none-eabi/6.3.1/../../../arm-none-eabi/lib/thumb/v7-ar/libc_nano.a(lib_a-stdio.o)
 .debug_frame   0x0000000000000bd0       0x20 /usr/lib/gcc/arm-none-eabi/6.3.1/../../../arm-none-eabi/lib/thumb/v7-ar/libc_nano.a(lib_a-strlen-stub.o)
 .debug_frame   0x0000000000000bf0       0x2c /usr/lib/gcc/arm-none-eabi/6.3.1/../../../arm-none-eabi/lib/thumb/v7-ar/libc_nano.a(lib_a-writer.o)
 .debug_frame   0x0000000000000c1c       0x2c /usr/lib/gcc/arm-none-eabi/6.3.1/../../../arm-none-eabi/lib/thumb/v7-ar/libc_nano.a(lib_a-closer.o)
 .debug_frame   0x0000000000000c48       0x70 /usr/lib/gcc/arm-none-eabi/6.3.1/../../../arm-none-eabi/lib/thumb/v7-ar/libc_nano.a(lib_a-fflush.o)
 .debug_frame   0x0000000000000cb8       0x2c /usr/lib/gcc/arm-none-eabi/6.3.1/../../../arm-none-eabi/lib/thumb/v7-ar/libc_nano.a(lib_a-lseekr.o)
 .debug_frame   0x0000000000000ce4       0x2c /usr/lib/gcc/arm-none-eabi/6.3.1/../../../arm-none-eabi/lib/thumb/v7-ar/libc_nano.a(lib_a-readr.o)
